Archive member included to satisfy reference by file (symbol)

c:/intelfpga_lite/16.1/nios2eds/bin/gnu/h-x86_64-mingw32/bin/../lib/gcc/nios2-elf/5.3.0\libgcc.a(lib2-divmod.o)
                              obj/default/drivers/drivers.o (__divsi3)
c:/intelfpga_lite/16.1/nios2eds/bin/gnu/h-x86_64-mingw32/bin/../lib/gcc/nios2-elf/5.3.0\libgcc.a(fixsfsi.o)
                              obj/default/drivers/drivers.o (__fixsfsi)
c:/intelfpga_lite/16.1/nios2eds/bin/gnu/h-x86_64-mingw32/bin/../lib/gcc/nios2-elf/5.3.0/../../../../../H-x86_64-mingw32/nios2-elf/lib\libc.a(lib_a-malloc.o)
                              obj/default/graphic_lib/draw_gimps.o (malloc)
c:/intelfpga_lite/16.1/nios2eds/bin/gnu/h-x86_64-mingw32/bin/../lib/gcc/nios2-elf/5.3.0/../../../../../H-x86_64-mingw32/nios2-elf/lib\libc.a(lib_a-mallocr.o)
                              c:/intelfpga_lite/16.1/nios2eds/bin/gnu/h-x86_64-mingw32/bin/../lib/gcc/nios2-elf/5.3.0/../../../../../H-x86_64-mingw32/nios2-elf/lib\libc.a(lib_a-malloc.o) (_malloc_r)
c:/intelfpga_lite/16.1/nios2eds/bin/gnu/h-x86_64-mingw32/bin/../lib/gcc/nios2-elf/5.3.0/../../../../../H-x86_64-mingw32/nios2-elf/lib\libc.a(lib_a-memcpy.o)
                              obj/default/graphic_lib/draw_gimps.o (memcpy)
c:/intelfpga_lite/16.1/nios2eds/bin/gnu/h-x86_64-mingw32/bin/../lib/gcc/nios2-elf/5.3.0/../../../../../H-x86_64-mingw32/nios2-elf/lib\libc.a(lib_a-memset.o)
                              obj/default/vip_fr.o (memset)
c:/intelfpga_lite/16.1/nios2eds/bin/gnu/h-x86_64-mingw32/bin/../lib/gcc/nios2-elf/5.3.0/../../../../../H-x86_64-mingw32/nios2-elf/lib\libc.a(lib_a-printf.o)
                              obj/default/graphic_lib/draw_gimps.o (printf)
c:/intelfpga_lite/16.1/nios2eds/bin/gnu/h-x86_64-mingw32/bin/../lib/gcc/nios2-elf/5.3.0/../../../../../H-x86_64-mingw32/nios2-elf/lib\libc.a(lib_a-sbrkr.o)
                              c:/intelfpga_lite/16.1/nios2eds/bin/gnu/h-x86_64-mingw32/bin/../lib/gcc/nios2-elf/5.3.0/../../../../../H-x86_64-mingw32/nios2-elf/lib\libc.a(lib_a-mallocr.o) (_sbrk_r)
c:/intelfpga_lite/16.1/nios2eds/bin/gnu/h-x86_64-mingw32/bin/../lib/gcc/nios2-elf/5.3.0/../../../../../H-x86_64-mingw32/nios2-elf/lib\libc.a(lib_a-strcpy.o)
                              obj/default/graphic_lib/simple_graphics.o (strcpy)
c:/intelfpga_lite/16.1/nios2eds/bin/gnu/h-x86_64-mingw32/bin/../lib/gcc/nios2-elf/5.3.0/../../../../../H-x86_64-mingw32/nios2-elf/lib\libc.a(lib_a-strlen.o)
                              obj/default/graphic_lib/simple_graphics.o (strlen)
c:/intelfpga_lite/16.1/nios2eds/bin/gnu/h-x86_64-mingw32/bin/../lib/gcc/nios2-elf/5.3.0/../../../../../H-x86_64-mingw32/nios2-elf/lib\libc.a(lib_a-vfprintf.o)
                              c:/intelfpga_lite/16.1/nios2eds/bin/gnu/h-x86_64-mingw32/bin/../lib/gcc/nios2-elf/5.3.0/../../../../../H-x86_64-mingw32/nios2-elf/lib\libc.a(lib_a-printf.o) (___vfprintf_internal_r)
c:/intelfpga_lite/16.1/nios2eds/bin/gnu/h-x86_64-mingw32/bin/../lib/gcc/nios2-elf/5.3.0/../../../../../H-x86_64-mingw32/nios2-elf/lib\libc.a(lib_a-wsetup.o)
                              c:/intelfpga_lite/16.1/nios2eds/bin/gnu/h-x86_64-mingw32/bin/../lib/gcc/nios2-elf/5.3.0/../../../../../H-x86_64-mingw32/nios2-elf/lib\libc.a(lib_a-vfprintf.o) (__swsetup_r)
c:/intelfpga_lite/16.1/nios2eds/bin/gnu/h-x86_64-mingw32/bin/../lib/gcc/nios2-elf/5.3.0/../../../../../H-x86_64-mingw32/nios2-elf/lib\libc.a(lib_a-dtoa.o)
                              c:/intelfpga_lite/16.1/nios2eds/bin/gnu/h-x86_64-mingw32/bin/../lib/gcc/nios2-elf/5.3.0/../../../../../H-x86_64-mingw32/nios2-elf/lib\libc.a(lib_a-vfprintf.o) (_dtoa_r)
c:/intelfpga_lite/16.1/nios2eds/bin/gnu/h-x86_64-mingw32/bin/../lib/gcc/nios2-elf/5.3.0/../../../../../H-x86_64-mingw32/nios2-elf/lib\libc.a(lib_a-fflush.o)
                              c:/intelfpga_lite/16.1/nios2eds/bin/gnu/h-x86_64-mingw32/bin/../lib/gcc/nios2-elf/5.3.0/../../../../../H-x86_64-mingw32/nios2-elf/lib\libc.a(lib_a-vfprintf.o) (_fflush_r)
c:/intelfpga_lite/16.1/nios2eds/bin/gnu/h-x86_64-mingw32/bin/../lib/gcc/nios2-elf/5.3.0/../../../../../H-x86_64-mingw32/nios2-elf/lib\libc.a(lib_a-findfp.o)
                              c:/intelfpga_lite/16.1/nios2eds/bin/gnu/h-x86_64-mingw32/bin/../lib/gcc/nios2-elf/5.3.0/../../../../../H-x86_64-mingw32/nios2-elf/lib\libc.a(lib_a-vfprintf.o) (__sinit)
c:/intelfpga_lite/16.1/nios2eds/bin/gnu/h-x86_64-mingw32/bin/../lib/gcc/nios2-elf/5.3.0/../../../../../H-x86_64-mingw32/nios2-elf/lib\libc.a(lib_a-freer.o)
                              c:/intelfpga_lite/16.1/nios2eds/bin/gnu/h-x86_64-mingw32/bin/../lib/gcc/nios2-elf/5.3.0/../../../../../H-x86_64-mingw32/nios2-elf/lib\libc.a(lib_a-malloc.o) (_free_r)
c:/intelfpga_lite/16.1/nios2eds/bin/gnu/h-x86_64-mingw32/bin/../lib/gcc/nios2-elf/5.3.0/../../../../../H-x86_64-mingw32/nios2-elf/lib\libc.a(lib_a-fwalk.o)
[...]
Memory Configuration

Name             Origin             Length             Attributes
reset            0x0000000004000000 0x0000000000000020
sdram_BEFORE_EXCEPTION 0x0000000004000020 0x000000000057e400
sdram            0x000000000457e420 0x0000000003a81be0
*default*        0x0000000000000000 0xffffffffffffffff

Linker script and memory map

LOAD ../lab5_bsp//obj/HAL/src/crt0.o
LOAD obj/default/drivers/drivers.o
LOAD obj/default/fonts/tahomabold_20.o
LOAD obj/default/fonts/tahomabold_32.o
LOAD obj/default/frame.o
LOAD obj/default/graphic_lib/draw_gimps.o
LOAD obj/default/graphic_lib/gimp_bmp.o
LOAD obj/default/graphic_lib/simple_graphics.o
LOAD obj/default/graphic_lib/simple_text.o
LOAD obj/default/hello_ucosii.o
LOAD obj/default/imagenes/back_down.o
LOAD obj/default/imagenes/back_up.o
LOAD obj/default/imagenes/ford_down.o
LOAD obj/default/imagenes/ford_up.o
LOAD obj/default/imagenes/pause_down.o
LOAD obj/default/imagenes/pause_up.o
LOAD obj/default/imagenes/play_down.o
LOAD obj/default/imagenes/play_up.o
LOAD obj/default/imagenes/stop_down.o
LOAD obj/default/imagenes/stop_up.o
LOAD obj/default/song/song.o
LOAD obj/default/student_code/student_code.o
LOAD obj/default/vip_fr.o
LOAD c:/intelfpga_lite/16.1/nios2eds/bin/gnu/h-x86_64-mingw32/bin/../lib/gcc/nios2-elf/5.3.0/../../../../../H-x86_64-mingw32/nios2-elf/lib\libstdc++.a
LOAD c:/intelfpga_lite/16.1/nios2eds/bin/gnu/h-x86_64-mingw32/bin/../lib/gcc/nios2-elf/5.3.0/../../../../../H-x86_64-mingw32/nios2-elf/lib\libm.a
LOAD c:/intelfpga_lite/16.1/nios2eds/bin/gnu/h-x86_64-mingw32/bin/../lib/gcc/nios2-elf/5.3.0\libgcc.a
START GROUP
LOAD c:/intelfpga_lite/16.1/nios2eds/bin/gnu/h-x86_64-mingw32/bin/../lib/gcc/nios2-elf/5.3.0/../../../../../H-x86_64-mingw32/nios2-elf/lib\libc.a
LOAD c:/intelfpga_lite/16.1/nios2eds/bin/gnu/h-x86_64-mingw32/bin/../lib/gcc/nios2-elf/5.3.0\libgcc.a
LOAD ../lab5_bsp/\libucosii_bsp.a
LOAD c:/intelfpga_lite/16.1/nios2eds/bin/gnu/h-x86_64-mingw32/bin/../lib/gcc/nios2-elf/5.3.0/../../../../../H-x86_64-mingw32/nios2-elf/lib\libm.a
END GROUP
LOAD c:/intelfpga_lite/16.1/nios2eds/bin/gnu/h-x86_64-mingw32/bin/../lib/gcc/nios2-elf/5.3.0\libgcc.a
                0x0000000004000000                __alt_mem_sdram = 0x4000000

.entry          0x0000000004000000       0x20
 *(.entry)
 .entry         0x0000000004000000       0x20 ../lab5_bsp//obj/HAL/src/crt0.o
                0x0000000004000000                __reset

.exceptions     0x000000000457e420      0x144
                0x000000000457e420                PROVIDE (__ram_exceptions_start, ABSOLUTE (.))
                0x000000000457e420                . = ALIGN (0x20)
 *(.irq)
 *(.exceptions.entry.label)
 .exceptions.entry.label
                0x000000000457e420        0x0 ../lab5_bsp/\libucosii_bsp.a(alt_irq_entry.o)
                0x000000000457e420                alt_irq_entry
 .exceptions.entry.label
                0x000000000457e420        0x0 ../lab5_bsp/\libucosii_bsp.a(alt_exception_entry.o)
                0x000000000457e420                alt_exception
 *(.exceptions.entry.user)
 *(.exceptions.entry.ecc_fatal)
 *(.exceptions.entry)
 .exceptions.entry
                0x000000000457e420       0x54 ../lab5_bsp/\libucosii_bsp.a(alt_exception_entry.o)
 *(.exceptions.irqtest.user)
 *(.exceptions.irqtest)
 .exceptions.irqtest
                0x000000000457e474       0x10 ../lab5_bsp/\libucosii_bsp.a(alt_irq_entry.o)
 *(.exceptions.irqhandler.user)
 *(.exceptions.irqhandler)
 .exceptions.irqhandler
                0x000000000457e484        0x4 ../lab5_bsp/\libucosii_bsp.a(alt_irq_entry.o)
 *(.exceptions.irqreturn.user)
 *(.exceptions.irqreturn)
 .exceptions.irqreturn
                0x000000000457e488        0x4 ../lab5_bsp/\libucosii_bsp.a(alt_irq_entry.o)
 *(.exceptions.notirq.label)
 .exceptions.notirq.label
                0x000000000457e48c        0x0 ../lab5_bsp/\libucosii_bsp.a(alt_irq_entry.o)
 *(.exceptions.notirq.user)
 *(.exceptions.notirq)
 .exceptions.notirq
                0x000000000457e48c        0x8 ../lab5_bsp/\libucosii_bsp.a(alt_exception_entry.o)
 *(.exceptions.soft.user)
 *(.exceptions.soft)
 *(.exceptions.unknown.user)
 *(.exceptions.unknown)
 .exceptions.unknown
                0x000000000457e494        0x4 ../lab5_bsp/\libucosii_bsp.a(alt_exception_entry.o)
 *(.exceptions.exit.label)
 .exceptions.exit.label
                0x000000000457e498        0x0 ../lab5_bsp/\libucosii_bsp.a(alt_irq_entry.o)
 .exceptions.exit.label
                0x000000000457e498        0x0 ../lab5_bsp/\libucosii_bsp.a(alt_exception_entry.o)
 *(.exceptions.exit.user)
 *(.exceptions.exit)
 .exceptions.exit
                0x000000000457e498       0x54 ../lab5_bsp/\libucosii_bsp.a(alt_exception_entry.o)
 *(.exceptions)
 .exceptions    0x000000000457e4ec       0x78 ../lab5_bsp/\libucosii_bsp.a(alt_irq_handler.o)
                0x000000000457e4ec                alt_irq_handler
                0x000000000457e564                PROVIDE (__ram_exceptions_end, ABSOLUTE (.))
                0x000000000457e420                PROVIDE (__flash_exceptions_start, LOADADDR (.exceptions))

.text           0x000000000457e564    0x19220
                [!provide]                        PROVIDE (stext, ABSOLUTE (.))
 *(.interp)
 *(.hash)
 *(.dynsym)
 *(.dynstr)
 *(.gnu.version)
 *(.gnu.version_d)
 *(.gnu.version_r)
 *(.rel.init)
 *(.rela.init)
 *(.rel.text .rel.text.* .rel.gnu.linkonce.t.*)
 *(.rela.text .rela.text.* .rela.gnu.linkonce.t.*)
 *(.rel.fini)
 *(.rela.fini)
 *(.rel.rodata .rel.rodata.* .rel.gnu.linkonce.r.*)
 *(.rela.rodata .rela.rodata.* .rela.gnu.linkonce.r.*)
 *(.rel.data .rel.data.* .rel.gnu.linkonce.d.*)
 *(.rela.data .rela.data.* .rela.gnu.linkonce.d.*)
 *(.rel.tdata .rel.tdata.* .rel.gnu.linkonce.td.*)
 *(.rela.tdata .rela.tdata.* .rela.gnu.linkonce.td.*)
 *(.rel.tbss .rel.tbss.* .rel.gnu.linkonce.tb.*)
 *(.rela.tbss .rela.tbss.* .rela.gnu.linkonce.tb.*)
 *(.rel.ctors)
 *(.rela.ctors)
 *(.rel.dtors)
 *(.rela.dtors)
 *(.rel.got)
 *(.rela.got)
 *(.rel.sdata .rel.sdata.* .rel.gnu.linkonce.s.*)
 *(.rela.sdata .rela.sdata.* .rela.gnu.linkonce.s.*)
 *(.rel.sbss .rel.sbss.* .rel.gnu.linkonce.sb.*)
 *(.rela.sbss .rela.sbss.* .rela.gnu.linkonce.sb.*)
 *(.rel.sdata2 .rel.sdata2.* .rel.gnu.linkonce.s2.*)
 *(.rela.sdata2 .rela.sdata2.* .rela.gnu.linkonce.s2.*)
 *(.rel.sbss2 .rel.sbss2.* .rel.gnu.linkonce.sb2.*)
 *(.rela.sbss2 .rela.sbss2.* .rela.gnu.linkonce.sb2.*)
 *(.rel.bss .rel.bss.* .rel.gnu.linkonce.b.*)
 *(.rela.bss .rela.bss.* .rela.gnu.linkonce.b.*)
 *(.rel.plt)
 *(.rela.plt)
 *(.rel.dyn)
 *(.init)
 *(.plt)
 *(.text .stub .text.* .gnu.linkonce.t.*)
 .text          0x000000000457e564       0x4c ../lab5_bsp//obj/HAL/src/crt0.o
                0x000000000457e564                _start
 .text          0x000000000457e5b0     0x1828 obj/default/drivers/drivers.o
                0x000000000457e5b0                audio_dac_wr_fifo
                0x000000000457e610                stop_wav
                0x000000000457e638                play_wav
                0x000000000457e658                pause_wav
                0x000000000457e670                audio_dac_fifo_full
                0x000000000457e684                init_audio_hw
                0x000000000457e6d8                set_audio_frequency_audio_controller
                0x000000000457e710                set_note
                0x000000000457e748                select_color
                0x000000000457e758                select_modulation
                0x000000000457e76c                select_signal
                0x000000000457e780                audio_selector
                0x000000000457e794                read_keyboard
                0x000000000457e7a4                mouse_pos
                0x000000000457e850                Sleep
                0x000000000457e89c                Beep
                0x000000000457e8d8                starwars
                0x000000000457ea38                gloria
                0x000000000457ef10                mario
                0x000000000457f7ac                tetris
 .text          0x000000000457fdd8        0x0 obj/default/fonts/tahomabold_20.o
 .text          0x000000000457fdd8        0x0 obj/default/fonts/tahomabold_32.o
 .text          0x000000000457fdd8      0x118 obj/default/frame.o
                0x000000000457fdd8                ConfigVFR
                0x000000000457fe9c                GetFrameBuffer
                0x000000000457feb8                cleanscreen
 .text          0x000000000457fef0      0x508 obj/default/graphic_lib/draw_gimps.o
                0x000000000457fef0                AsVidCopyImageToBuffer
                0x000000000457ffc8                AsVidCopyImageToBuffer2
                0x00000000045800a4                AsVidCopyImageToBuffer3
                0x0000000004580190                DispIMAGE
                0x0000000004580240                DispIMAGE_fit
                0x000000000458032c                DispIMAGE_from_gimp
 .text          0x00000000045803f8      0x508 obj/default/graphic_lib/gimp_bmp.o
                0x00000000045803f8                copy_pix_map_32_to_32
                0x0000000004580468                copy_pix_map_32_to_24
                0x00000000045804e8                copy_pix_map_32_to_16
                0x0000000004580570                copy_pix_map_24_to_32
                0x00000000045805f8                copy_pix_map_24_to_24
                0x0000000004580678                copy_pix_map_24_to_16
                0x0000000004580720                load_gimp_bmp
 .text          0x0000000004580900     0x1f00 obj/default/graphic_lib/simple_graphics.o
                0x0000000004580900                vid_scroll_string_quit
                0x0000000004580930                vid_scroll_string_init
                0x0000000004580a08                vid_set_pixel
                0x0000000004580afc                vid_print_char
                0x0000000004580bd4                vid_print_string
                0x0000000004580ca8                vid_get_pixel
                0x0000000004580d04                vid_move_block
                0x0000000004580e00                vid_paint_block
                0x0000000004580f8c                vid_clean_screen
                0x0000000004580fbc                vid_draw_horiz_line
                0x00000000045811fc                vid_merge_colors
                0x0000000004581218                vid_color_convert24_16
                0x000000000458124c                vid_color_convert16_24
                0x0000000004581274                vid_copy_line_to_frame_buffer
                0x0000000004581434                vid_draw_sloped_line
                0x0000000004581598                vid_draw_line
                0x0000000004581614                vid_draw_box
                0x000000000458178c                vid_scroll_string
                0x00000000045819a4                vid_round_corner_points
                0x0000000004581dfc                vid_draw_circle
                0x0000000004581f1c                vid_draw_round_corner_box
                0x0000000004582208                max_diff3
                0x0000000004582234                vid_bres_scan_edges
                0x000000000458237c                vid_draw_triangle
                0x0000000004582650                CopyImage16
                0x0000000004582704                CropImage16
 .text          0x0000000004582800      0x648 obj/default/graphic_lib/simple_text.o
                0x0000000004582800                vid_print_char_alpha
                0x0000000004582c30                vid_print_string_alpha
                0x0000000004582dcc                vid_string_pixel_length_alpha
 .text          0x0000000004582e48     0x1724 obj/default/hello_ucosii.o
                0x0000000004582e48                draw_button
                0x0000000004582fc0                task2
                0x0000000004583f28                init_background
                0x0000000004584384                send_audio_fifo
                0x00000000045843f0                task1
                0x0000000004584484                main
 .text          0x000000000458456c        0x0 obj/default/imagenes/back_down.o
 .text          0x000000000458456c        0x0 obj/default/imagenes/back_up.o
 .text          0x000000000458456c        0x0 obj/default/imagenes/ford_down.o
 .text          0x000000000458456c        0x0 obj/default/imagenes/ford_up.o
 .text          0x000000000458456c        0x0 obj/default/imagenes/pause_down.o
 .text          0x000000000458456c        0x0 obj/default/imagenes/pause_up.o
 .text          0x000000000458456c        0x0 obj/default/imagenes/play_down.o
 .text          0x000000000458456c        0x0 obj/default/imagenes/play_up.o
 .text          0x000000000458456c        0x0 obj/default/imagenes/stop_down.o
 .text          0x000000000458456c        0x0 obj/default/imagenes/stop_up.o
 .text          0x000000000458456c        0x0 obj/default/song/song.o
 .text          0x000000000458456c       0x9c obj/default/student_code/student_code.o
                0x000000000458456c                handle_lfsr_interrupts
                0x00000000045845bc                init_lfsr_interrupt
 .text          0x0000000004584608      0x2b8 obj/default/vip_fr.o
                0x0000000004584608                VIPFR_UnInit
                0x0000000004584624                VIPFR_Go
                0x0000000004584634                VIPFR_GetDrawFrame
                0x000000000458464c                VIPFR_ActiveDrawFrame
                0x0000000004584694                DRAW_EraseScreen
                0x00000000045846e4                FrameReader_SetFrame0
                0x000000000458470c                FrameReader_SetFrame1
                0x0000000004584734                VIPFR_SetFrameSize
                0x00000000045847b8                VIPFR_Init
                0x000000000458485c                FrameReader_SelectFrame
                0x0000000004584868                FrameReader_Go
                0x0000000004584874                VIPFR_ReserveBackground
 .text          0x00000000045848c0      0x1b4 c:/intelfpga_lite/16.1/nios2eds/bin/gnu/h-x86_64-mingw32/bin/../lib/gcc/nios2-elf/5.3.0\libgcc.a(lib2-divmod.o)
                0x00000000045848c0                __divsi3
                0x0000000004584944                __modsi3
                0x00000000045849b8                __udivsi3
                0x0000000004584a1c                __umodsi3
 .text          0x0000000004584a74       0x70 c:/intelfpga_lite/16.1/nios2eds/bin/gnu/h-x86_64-mingw32/bin/../lib/gcc/nios2-elf/5.3.0\libgcc.a(fixsfsi.o)
                0x0000000004584a74                __fixsfsi
 .text          0x0000000004584ae4        0x0 c:/intelfpga_lite/16.1/nios2eds/bin/gnu/h-x86_64-mingw32/bin/../lib/gcc/nios2-elf/5.3.0/../../../../../H-x86_64-mingw32/nios2-elf/lib\libc.a(lib_a-malloc.o)
 .text.malloc   0x0000000004584ae4       0x14 c:/intelfpga_lite/16.1/nios2eds/bin/gnu/h-x86_64-mingw32/bin/../lib/gcc/nios2-elf/5.3.0/../../../../../H-x86_64-mingw32/nios2-elf/lib\libc.a(lib_a-malloc.o)
                0x0000000004584ae4                malloc
 .text.free     0x0000000004584af8       0x14 c:/intelfpga_lite/16.1/nios2eds/bin/gnu/h-x86_64-mingw32/bin/../lib/gcc/nios2-elf/5.3.0/../../../../../H-x86_64-mingw32/nios2-elf/lib\libc.a(lib_a-malloc.o)
                0x0000000004584af8                free
 .text          0x0000000004584b0c        0x0 c:/intelfpga_lite/16.1/nios2eds/bin/gnu/h-x86_64-mingw32/bin/../lib/gcc/nios2-elf/5.3.0/../../../../../H-x86_64-mingw32/nios2-elf/lib\libc.a(lib_a-mallocr.o)
 .text._malloc_r
                0x0000000004584b0c      0x80c c:/intelfpga_lite/16.1/nios2eds/bin/gnu/h-x86_64-mingw32/bin/../lib/gcc/nios2-elf/5.3.0/../../../../../H-x86_64-mingw32/nios2-elf/lib\libc.a(lib_a-mallocr.o)
                0x0000000004584b0c                _malloc_r
 .text          0x0000000004585318        0x0 c:/intelfpga_lite/16.1/nios2eds/bin/gnu/h-x86_64-mingw32/bin/../lib/gcc/nios2-elf/5.3.0/../../../../../H-x86_64-mingw32/nios2-elf/lib\libc.a(lib_a-memcpy.o)
 .text.memcpy   0x0000000004585318      0x148 c:/intelfpga_lite/16.1/nios2eds/bin/gnu/h-x86_64-mingw32/bin/../lib/gcc/nios2-elf/5.3.0/../../../../../H-x86_64-mingw32/nios2-elf/lib\libc.a(lib_a-memcpy.o)
                0x0000000004585318                memcpy
 .text          0x0000000004585460        0x0 c:/intelfpga_lite/16.1/nios2eds/bin/gnu/h-x86_64-mingw32/bin/../lib/gcc/nios2-elf/5.3.0/../../../../../H-x86_64-mingw32/nios2-elf/lib\libc.a(lib_a-memset.o)
 .text.memset   0x0000000004585460      0x128 c:/intelfpga_lite/16.1/nios2eds/bin/gnu/h-x86_64-mingw32/bin/../lib/gcc/nios2-elf/5.3.0/../../../../../H-x86_64-mingw32/nios2-elf/lib\libc.a(lib_a-memset.o)
                0x0000000004585460                memset
 .text          0x0000000004585588        0x0 c:/intelfpga_lite/16.1/nios2eds/bin/gnu/h-x86_64-mingw32/bin/../lib/gcc/nios2-elf/5.3.0/../../../../../H-x86_64-mingw32/nios2-elf/lib\libc.a(lib_a-printf.o)
 .text._printf_r
                0x0000000004585588       0x30 c:/intelfpga_lite/16.1/nios2eds/bin/gnu/h-x86_64-mingw32/bin/../lib/gcc/nios2-elf/5.3.0/../../../../../H-x86_64-mingw32/nios2-elf/lib\libc.a(lib_a-printf.o)
                0x0000000004585588                _printf_r
 .text.printf   0x00000000045855b8       0x3c c:/intelfpga_lite/16.1/nios2eds/bin/gnu/h-x86_64-mingw32/bin/../lib/gcc/nios2-elf/5.3.0/../../../../../H-x86_64-mingw32/nios2-elf/lib\libc.a(lib_a-printf.o)
                0x00000000045855b8                printf
 .text          0x00000000045855f4        0x0 c:/intelfpga_lite/16.1/nios2eds/bin/gnu/h-x86_64-mingw32/bin/../lib/gcc/nios2-elf/5.3.0/../../../../../H-x86_64-mingw32/nios2-elf/lib\libc.a(lib_a-sbrkr.o)
 .text._sbrk_r  0x00000000045855f4       0x54 c:/intelfpga_lite/16.1/nios2eds/bin/gnu/h-x86_64-mingw32/bin/../lib/gcc/nios2-elf/5.3.0/../../../../../H-x86_64-mingw32/nios2-elf/lib\libc.a(lib_a-sbrkr.o)
                0x00000000045855f4                _sbrk_r
 .text          0x0000000004585648        0x0 c:/intelfpga_lite/16.1/nios2eds/bin/gnu/h-x86_64-mingw32/bin/../lib/gcc/nios2-elf/5.3.0/../../../../../H-x86_64-mingw32/nios2-elf/lib\libc.a(lib_a-strcpy.o)
 .text.strcpy   0x0000000004585648       0x90 c:/intelfpga_lite/16.1/nios2eds/bin/gnu/h-x86_64-mingw32/bin/../lib/gcc/nios2-elf/5.3.0/../../../../../H-x86_64-mingw32/nios2-elf/lib\libc.a(lib_a-strcpy.o)
                0x0000000004585648                strcpy
 .text          0x00000000045856d8        0x0 c:/intelfpga_lite/16.1/nios2eds/bin/gnu/h-x86_64-mingw32/bin/../lib/gcc/nios2-elf/5.3.0/../../../../../H-x86_64-mingw32/nios2-elf/lib\libc.a(lib_a-strlen.o)
 .text.strlen   0x00000000045856d8       0x98 c:/intelfpga_lite/16.1/nios2eds/bin/gnu/h-x86_64-mingw32/bin/../lib/gcc/nios2-elf/5.3.0/../../../../../H-x86_64-mingw32/nios2-elf/lib\libc.a(lib_a-strlen.o)
                0x00000000045856d8                strlen
 .text          0x0000000004585770        0x0 c:/intelfpga_lite/16.1/nios2eds/bin/gnu/h-x86_64-mingw32/bin/../lib/gcc/nios2-elf/5.3.0/../../../../../H-x86_64-mingw32/nios2-elf/lib\libc.a(lib_a-vfprintf.o)
 .text.___vfprintf_internal_r
                0x0000000004585770     0x21f8 c:/intelfpga_lite/16.1/nios2eds/bin/gnu/h-x86_64-mingw32/bin/../lib/gcc/nios2-elf/5.3.0/../../../../../H-x86_64-mingw32/nios2-elf/lib\libc.a(lib_a-vfprintf.o)
                0x0000000004585770                ___vfprintf_internal_r
 .text.__vfprintf_internal
                0x0000000004587968       0x1c c:/intelfpga_lite/16.1/nios2eds/bin/gnu/h-x86_64-mingw32/bin/../lib/gcc/nios2-elf/5.3.0/../../../../../H-x86_64-mingw32/nios2-elf/lib\libc.a(lib_a-vfprintf.o)
                0x0000000004587968                __vfprintf_internal
 .text.__sbprintf
                0x0000000004587984       0xbc c:/intelfpga_lite/16.1/nios2eds/bin/gnu/h-x86_64-mingw32/bin/../lib/gcc/nios2-elf/5.3.0/../../../../../H-x86_64-mingw32/nios2-elf/lib\libc.a(lib_a-vfprintf.o)
 .text          0x0000000004587a40        0x0 c:/intelfpga_lite/16.1/nios2eds/bin/gnu/h-x86_64-mingw32/bin/../lib/gcc/nios2-elf/5.3.0/../../../../../H-x86_64-mingw32/nios2-elf/lib\libc.a(lib_a-wsetup.o)
 .text.__swsetup_r
                0x0000000004587a40      0x154 c:/intelfpga_lite/16.1/nios2eds/bin/gnu/h-x86_64-mingw32/bin/../lib/gcc/nios2-elf/5.3.0/../../../../../H-x86_64-mingw32/nios2-elf/lib\libc.a(lib_a-wsetup.o)
                0x0000000004587a40                __swsetup_r
 .text          0x0000000004587b94        0x0 c:/intelfpga_lite/16.1/nios2eds/bin/gnu/h-x86_64-mingw32/bin/../lib/gcc/nios2-elf/5.3.0/../../../../../H-x86_64-mingw32/nios2-elf/lib\libc.a(lib_a-dtoa.o)
 .text.quorem   0x0000000004587b94      0x200 c:/intelfpga_lite/16.1/nios2eds/bin/gnu/h-x86_64-mingw32/bin/../lib/gcc/nios2-elf/5.3.0/../../../../../H-x86_64-mingw32/nios2-elf/lib\libc.a(lib_a-dtoa.o)
 .text._dtoa_r  0x0000000004587d94     0x1688 c:/intelfpga_lite/16.1/nios2eds/bin/gnu/h-x86_64-mingw32/bin/../lib/gcc/nios2-elf/5.3.0/../../../../../H-x86_64-mingw32/nios2-elf/lib\libc.a(lib_a-dtoa.o)
                0x0000000004587d94                _dtoa_r
 .text          0x000000000458941c        0x0 c:/intelfpga_lite/16.1/nios2eds/bin/gnu/h-x86_64-mingw32/bin/../lib/gcc/nios2-elf/5.3.0/../../../../../H-x86_64-mingw32/nios2-elf/lib\libc.a(lib_a-fflush.o)
 .text.__sflush_r
                0x000000000458941c      0x21c c:/intelfpga_lite/16.1/nios2eds/bin/gnu/h-x86_64-mingw32/bin/../lib/gcc/nios2-elf/5.3.0/../../../../../H-x86_64-mingw32/nios2-elf/lib\libc.a(lib_a-fflush.o)
                0x000000000458941c                __sflush_r
 .text._fflush_r
                0x0000000004589638       0x5c c:/intelfpga_lite/16.1/nios2eds/bin/gnu/h-x86_64-mingw32/bin/../lib/gcc/nios2-elf/5.3.0/../../../../../H-x86_64-mingw32/nios2-elf/lib\libc.a(lib_a-fflush.o)
                0x0000000004589638                _fflush_r
 .text.fflush   0x0000000004589694       0x30 c:/intelfpga_lite/16.1/nios2eds/bin/gnu/h-x86_64-mingw32/bin/../lib/gcc/nios2-elf/5.3.0/../../../../../H-x86_64-mingw32/nios2-elf/lib\libc.a(lib_a-fflush.o)
                0x0000000004589694                fflush
 .text          0x00000000045896c4        0x0 c:/intelfpga_lite/16.1/nios2eds/bin/gnu/h-x86_64-mingw32/bin/../lib/gcc/nios2-elf/5.3.0/../../../../../H-x86_64-mingw32/nios2-elf/lib\libc.a(lib_a-findfp.o)
 .text.__fp_unlock
                0x00000000045896c4        0x8 c:/intelfpga_lite/16.1/nios2eds/bin/gnu/h-x86_64-mingw32/bin/../lib/gcc/nios2-elf/5.3.0/../../../../../H-x86_64-mingw32/nios2-elf/lib\libc.a(lib_a-findfp.o)
 .text._cleanup_r
                0x00000000045896cc        0xc c:/intelfpga_lite/16.1/nios2eds/bin/gnu/h-x86_64-mingw32/bin/../lib/gcc/nios2-elf/5.3.0/../../../../../H-x86_64-mingw32/nios2-elf/lib\libc.a(lib_a-findfp.o)
                0x00000000045896cc                _cleanup_r
 .text.__sinit.part.1
                0x00000000045896d8      0x19c c:/intelfpga_lite/16.1/nios2eds/bin/gnu/h-x86_64-mingw32/bin/../lib/gcc/nios2-elf/5.3.0/../../../../../H-x86_64-mingw32/nios2-elf/lib\libc.a(lib_a-findfp.o)
 .text.__fp_lock
                0x0000000004589874        0x8 c:/intelfpga_lite/16.1/nios2eds/bin/gnu/h-x86_64-mingw32/bin/../lib/gcc/nios2-elf/5.3.0/../../../../../H-x86_64-mingw32/nios2-elf/lib\libc.a(lib_a-findfp.o)
 .text.__sfmoreglue
                0x000000000458987c       0x68 c:/intelfpga_lite/16.1/nios2eds/bin/gnu/h-x86_64-mingw32/bin/../lib/gcc/nios2-elf/5.3.0/../../../../../H-x86_64-mingw32/nios2-elf/lib\libc.a(lib_a-findfp.o)
                0x000000000458987c                __sfmoreglue
 .text.__sfp    0x00000000045898e4      0x118 c:/intelfpga_lite/16.1/nios2eds/bin/gnu/h-x86_64-mingw32/bin/../lib/gcc/nios2-elf/5.3.0/../../../../../H-x86_64-mingw32/nios2-elf/lib\libc.a(lib_a-findfp.o)
                0x00000000045898e4                __sfp
 .text._cleanup
                0x00000000045899fc       0x18 c:/intelfpga_lite/16.1/nios2eds/bin/gnu/h-x86_64-mingw32/bin/../lib/gcc/nios2-elf/5.3.0/../../../../../H-x86_64-mingw32/nios2-elf/lib\libc.a(lib_a-findfp.o)
                0x00000000045899fc                _cleanup
 .text.__sinit  0x0000000004589a14       0x10 c:/intelfpga_lite/16.1/nios2eds/bin/gnu/h-x86_64-mingw32/bin/../lib/gcc/nios2-elf/5.3.0/../../../../../H-x86_64-mingw32/nios2-elf/lib\libc.a(lib_a-findfp.o)
                0x0000000004589a14                __sinit
 .text.__sfp_lock_acquire
                0x0000000004589a24        0x4 c:/intelfpga_lite/16.1/nios2eds/bin/gnu/h-x86_64-mingw32/bin/../lib/gcc/nios2-elf/5.3.0/../../../../../H-x86_64-mingw32/nios2-elf/lib\libc.a(lib_a-findfp.o)
                0x0000000004589a24                __sfp_lock_acquire
 .text.__sfp_lock_release
                0x0000000004589a28        0x4 c:/intelfpga_lite/16.1/nios2eds/bin/gnu/h-x86_64-mingw32/bin/../lib/gcc/nios2-elf/5.3.0/../../../../../H-x86_64-mingw32/nios2-elf/lib\libc.a(lib_a-findfp.o)
                0x0000000004589a28                __sfp_lock_release
 .text.__sinit_lock_acquire
                0x0000000004589a2c        0x4 c:/intelfpga_lite/16.1/nios2eds/bin/gnu/h-x86_64-mingw32/bin/../lib/gcc/nios2-elf/5.3.0/../../../../../H-x86_64-mingw32/nios2-elf/lib\libc.a(lib_a-findfp.o)
                0x0000000004589a2c                __sinit_lock_acquire
 .text.__sinit_lock_release
                0x0000000004589a30        0x4 c:/intelfpga_lite/16.1/nios2eds/bin/gnu/h-x86_64-mingw32/bin/../lib/gcc/nios2-elf/5.3.0/../../../../../H-x86_64-mingw32/nios2-elf/lib\libc.a(lib_a-findfp.o)
                0x0000000004589a30                __sinit_lock_release
 .text.__fp_lock_all
                0x0000000004589a34       0x18 c:/intelfpga_lite/16.1/nios2eds/bin/gnu/h-x86_64-mingw32/bin/../lib/gcc/nios2-elf/5.3.0/../../../../../H-x86_64-mingw32/nios2-elf/lib\libc.a(lib_a-findfp.o)
                0x0000000004589a34                __fp_lock_all
 .text.__fp_unlock_all
                0x0000000004589a4c       0x18 c:/intelfpga_lite/16.1/nios2eds/bin/gnu/h-x86_64-mingw32/bin/../lib/gcc/nios2-elf/5.3.0/../../../../../H-x86_64-mingw32/nios2-elf/lib\libc.a(lib_a-findfp.o)
                0x0000000004589a4c                __fp_unlock_all
 .text          0x0000000004589a64        0x0 c:/intelfpga_lite/16.1/nios2eds/bin/gnu/h-x86_64-mingw32/bin/../lib/gcc/nios2-elf/5.3.0/../../../../../H-x86_64-mingw32/nios2-elf/lib\libc.a(lib_a-freer.o)
 .text._malloc_trim_r
                0x0000000004589a64      0x124 c:/intelfpga_lite/16.1/nios2eds/bin/gnu/h-x86_64-mingw32/bin/../lib/gcc/nios2-elf/5.3.0/../../../../../H-x86_64-mingw32/nios2-elf/lib\libc.a(lib_a-freer.o)
                0x0000000004589a64                _malloc_trim_r
 .text._free_r  0x0000000004589b88      0x310 c:/intelfpga_lite/16.1/nios2eds/bin/gnu/h-x86_64-mingw32/bin/../lib/gcc/nios2-elf/5.3.0/../../../../../H-x86_64-mingw32/nios2-elf/lib\libc.a(lib_a-freer.o)
                0x0000000004589b88                _free_r
 .text          0x0000000004589e98        0x0 c:/intelfpga_lite/16.1/nios2eds/bin/gnu/h-x86_64-mingw32/bin/../lib/gcc/nios2-elf/5.3.0/../../../../../H-x86_64-mingw32/nios2-elf/lib\libc.a(lib_a-fwalk.o)
 .text._fwalk   0x0000000004589e98       0xc4 c:/intelfpga_lite/16.1/nios2eds/bin/gnu/h-x86_64-mingw32/bin/../lib/gcc/nios2-elf/5.3.0/../../../../../H-x86_64-mingw32/nios2-elf/lib\libc.a(lib_a-fwalk.o)
                0x0000000004589e98                _fwalk
 .text._fwalk_reent
                0x0000000004589f5c       0xc4 c:/intelfpga_lite/16.1/nios2eds/bin/gnu/h-x86_64-mingw32/bin/../lib/gcc/nios2-elf/5.3.0/../../../../../H-x86_64-mingw32/nios2-elf/lib\libc.a(lib_a-fwalk.o)
                0x0000000004589f5c                _fwalk_reent
 .text          0x000000000458a020        0x0 c:/intelfpga_lite/16.1/nios2eds/bin/gnu/h-x86_64-mingw32/bin/../lib/gcc/nios2-elf/5.3.0/../../../../../H-x86_64-mingw32/nios2-elf/lib\libc.a(lib_a-impure.o)
 .text          0x000000000458a020        0x0 c:/intelfpga_lite/16.1/nios2eds/bin/gnu/h-x86_64-mingw32/bin/../lib/gcc/nios2-elf/5.3.0/../../../../../H-x86_64-mingw32/nios2-elf/lib\libc.a(lib_a-int_errno.o)
 .text          0x000000000458a020        0x0 c:/intelfpga_lite/16.1/nios2eds/bin/gnu/h-x86_64-mingw32/bin/../lib/gcc/nios2-elf/5.3.0/../../../../../H-x86_64-mingw32/nios2-elf/lib\libc.a(lib_a-locale.o)
 .text._setlocale_r
                0x000000000458a020       0x7c c:/intelfpga_lite/16.1/nios2eds/bin/gnu/h-x86_64-mingw32/bin/../lib/gcc/nios2-elf/5.3.0/../../../../../H-x86_64-mingw32/nios2-elf/lib\libc.a(lib_a-locale.o)
                0x000000000458a020                _setlocale_r
 .text.__locale_charset
                0x000000000458a09c        0xc c:/intelfpga_lite/16.1/nios2eds/bin/gnu/h-x86_64-mingw32/bin/../lib/gcc/nios2-elf/5.3.0/../../../../../H-x86_64-mingw32/nios2-elf/lib\libc.a(lib_a-locale.o)
                0x000000000458a09c                __locale_charset
 .text.__locale_mb_cur_max
                0x000000000458a0a8       0x10 c:/intelfpga_lite/16.1/nios2eds/bin/gnu/h-x86_64-mingw32/bin/../lib/gcc/nios2-elf/5.3.0/../../../../../H-x86_64-mingw32/nios2-elf/lib\libc.a(lib_a-locale.o)
                0x000000000458a0a8                __locale_mb_cur_max
 .text.__locale_msgcharset
                0x000000000458a0b8        0xc c:/intelfpga_lite/16.1/nios2eds/bin/gnu/h-x86_64-mingw32/bin/../lib/gcc/nios2-elf/5.3.0/../../../../../H-x86_64-mingw32/nios2-elf/lib\libc.a(lib_a-locale.o)
                0x000000000458a0b8                __locale_msgcharset
 .text.__locale_cjk_lang
                0x000000000458a0c4        0x8 c:/intelfpga_lite/16.1/nios2eds/bin/gnu/h-x86_64-mingw32/bin/../lib/gcc/nios2-elf/5.3.0/../../../../../H-x86_64-mingw32/nios2-elf/lib\libc.a(lib_a-locale.o)
                0x000000000458a0c4                __locale_cjk_lang
 .text._localeconv_r
                0x000000000458a0cc        0xc c:/intelfpga_lite/16.1/nios2eds/bin/gnu/h-x86_64-mingw32/bin/../lib/gcc/nios2-elf/5.3.0/../../../../../H-x86_64-mingw32/nios2-elf/lib\libc.a(lib_a-locale.o)
                0x000000000458a0cc                _localeconv_r
 .text.setlocale
                0x000000000458a0d8       0x18 c:/intelfpga_lite/16.1/nios2eds/bin/gnu/h-x86_64-mingw32/bin/../lib/gcc/nios2-elf/5.3.0/../../../../../H-x86_64-mingw32/nios2-elf/lib\libc.a(lib_a-locale.o)
                0x000000000458a0d8                setlocale
 .text.localeconv
                0x000000000458a0f0        0xc c:/intelfpga_lite/16.1/nios2eds/bin/gnu/h-x86_64-mingw32/bin/../lib/gcc/nios2-elf/5.3.0/../../../../../H-x86_64-mingw32/nios2-elf/lib\libc.a(lib_a-locale.o)
                0x000000000458a0f0                localeconv
 .text          0x000000000458a0fc        0x0 c:/intelfpga_lite/16.1/nios2eds/bin/gnu/h-x86_64-mingw32/bin/../lib/gcc/nios2-elf/5.3.0/../../../../../H-x86_64-mingw32/nios2-elf/lib\libc.a(lib_a-makebuf.o)
 .text.__smakebuf_r
                0x000000000458a0fc      0x1bc c:/intelfpga_lite/16.1/nios2eds/bin/gnu/h-x86_64-mingw32/bin/../lib/gcc/nios2-elf/5.3.0/../../../../../H-x86_64-mingw32/nios2-elf/lib\libc.a(lib_a-makebuf.o)
                0x000000000458a0fc                __smakebuf_r
 .text          0x000000000458a2b8        0x0 c:/intelfpga_lite/16.1/nios2eds/bin/gnu/h-x86_64-mingw32/bin/../lib/gcc/nios2-elf/5.3.0/../../../../../H-x86_64-mingw32/nios2-elf/lib\libc.a(lib_a-memchr.o)
 .text.memchr   0x000000000458a2b8       0xe4 c:/intelfpga_lite/16.1/nios2eds/bin/gnu/h-x86_64-mingw32/bin/../lib/gcc/nios2-elf/5.3.0/../../../../../H-x86_64-mingw32/nios2-elf/lib\libc.a(lib_a-memchr.o)
                0x000000000458a2b8                memchr
 .text          0x000000000458a39c        0x0 c:/intelfpga_lite/16.1/nios2eds/bin/gnu/h-x86_64-mingw32/bin/../lib/gcc/nios2-elf/5.3.0/../../../../../H-x86_64-mingw32/nios2-elf/lib\libc.a(lib_a-mprec.o)
 .text._Balloc  0x000000000458a39c       0xa8 c:/intelfpga_lite/16.1/nios2eds/bin/gnu/h-x86_64-mingw32/bin/../lib/gcc/nios2-elf/5.3.0/../../../../../H-x86_64-mingw32/nios2-elf/lib\libc.a(lib_a-mprec.o)
                0x000000000458a39c                _Balloc
 .text._Bfree   0x000000000458a444       0x28 c:/intelfpga_lite/16.1/nios2eds/bin/gnu/h-x86_64-mingw32/bin/../lib/gcc/nios2-elf/5.3.0/../../../../../H-x86_64-mingw32/nios2-elf/lib\libc.a(lib_a-mprec.o)
                0x000000000458a444                _Bfree
 .text.__multadd
                0x000000000458a46c      0x120 c:/intelfpga_lite/16.1/nios2eds/bin/gnu/h-x86_64-mingw32/bin/../lib/gcc/nios2-elf/5.3.0/../../../../../H-x86_64-mingw32/nios2-elf/lib\libc.a(lib_a-mprec.o)
                0x000000000458a46c                __multadd
 .text.__s2b    0x000000000458a58c      0x104 c:/intelfpga_lite/16.1/nios2eds/bin/gnu/h-x86_64-mingw32/bin/../lib/gcc/nios2-elf/5.3.0/../../../../../H-x86_64-mingw32/nios2-elf/lib\libc.a(lib_a-mprec.o)
                0x000000000458a58c                __s2b
 .text.__hi0bits
                0x000000000458a690       0x68 c:/intelfpga_lite/16.1/nios2eds/bin/gnu/h-x86_64-mingw32/bin/../lib/gcc/nios2-elf/5.3.0/../../../../../H-x86_64-mingw32/nios2-elf/lib\libc.a(lib_a-mprec.o)
                0x000000000458a690                __hi0bits
 .text.__lo0bits
                0x000000000458a6f8       0xb0 c:/intelfpga_lite/16.1/nios2eds/bin/gnu/h-x86_64-mingw32/bin/../lib/gcc/nios2-elf/5.3.0/../../../../../H-x86_64-mingw32/nios2-elf/lib\libc.a(lib_a-mprec.o)
                0x000000000458a6f8                __lo0bits
 .text.__i2b    0x000000000458a7a8       0x3c c:/intelfpga_lite/16.1/nios2eds/bin/gnu/h-x86_64-mingw32/bin/../lib/gcc/nios2-elf/5.3.0/../../../../../H-x86_64-mingw32/nios2-elf/lib\libc.a(lib_a-mprec.o)
                0x000000000458a7a8                __i2b
 .text.__multiply
                0x000000000458a7e4      0x1f8 c:/intelfpga_lite/16.1/nios2eds/bin/gnu/h-x86_64-mingw32/bin/../lib/gcc/nios2-elf/5.3.0/../../../../../H-x86_64-mingw32/nios2-elf/lib\libc.a(lib_a-mprec.o)
                0x000000000458a7e4                __multiply
 .text.__pow5mult
                0x000000000458a9dc      0x140 c:/intelfpga_lite/16.1/nios2eds/bin/gnu/h-x86_64-mingw32/bin/../lib/gcc/nios2-elf/5.3.0/../../../../../H-x86_64-mingw32/nios2-elf/lib\libc.a(lib_a-mprec.o)
                0x000000000458a9dc                __pow5mult
 .text.__lshift
                0x000000000458ab1c      0x148 c:/intelfpga_lite/16.1/nios2eds/bin/gnu/h-x86_64-mingw32/bin/../lib/gcc/nios2-elf/5.3.0/../../../../../H-x86_64-mingw32/nios2-elf/lib\libc.a(lib_a-mprec.o)
                0x000000000458ab1c                __lshift
 .text.__mcmp   0x000000000458ac64       0x60 c:/intelfpga_lite/16.1/nios2eds/bin/gnu/h-x86_64-mingw32/bin/../lib/gcc/nios2-elf/5.3.0/../../../../../H-x86_64-mingw32/nios2-elf/lib\libc.a(lib_a-mprec.o)
                0x000000000458ac64                __mcmp
 .text.__mdiff  0x000000000458acc4      0x1fc c:/intelfpga_lite/16.1/nios2eds/bin/gnu/h-x86_64-mingw32/bin/../lib/gcc/nios2-elf/5.3.0/../../../../../H-x86_64-mingw32/nios2-elf/lib\libc.a(lib_a-mprec.o)
                0x000000000458acc4                __mdiff
 .text.__ulp    0x000000000458aec0       0x64 c:/intelfpga_lite/16.1/nios2eds/bin/gnu/h-x86_64-mingw32/bin/../lib/gcc/nios2-elf/5.3.0/../../../../../H-x86_64-mingw32/nios2-elf/lib\libc.a(lib_a-mprec.o)
                0x000000000458aec0                __ulp
 .text.__b2d    0x000000000458af24      0x10c c:/intelfpga_lite/16.1/nios2eds/bin/gnu/h-x86_64-mingw32/bin/../lib/gcc/nios2-elf/5.3.0/../../../../../H-x86_64-mingw32/nios2-elf/lib\libc.a(lib_a-mprec.o)
                0x000000000458af24                __b2d
 .text.__d2b    0x000000000458b030      0x14c c:/intelfpga_lite/16.1/nios2eds/bin/gnu/h-x86_64-mingw32/bin/../lib/gcc/nios2-elf/5.3.0/../../../../../H-x86_64-mingw32/nios2-elf/lib\libc.a(lib_a-mprec.o)
                0x000000000458b030                __d2b
 .text.__ratio  0x000000000458b17c       0xa4 c:/intelfpga_lite/16.1/nios2eds/bin/gnu/h-x86_64-mingw32/bin/../lib/gcc/nios2-elf/5.3.0/../../../../../H-x86_64-mingw32/nios2-elf/lib\libc.a(lib_a-mprec.o)
                0x000000000458b17c                __ratio
 .text._mprec_log10
                0x000000000458b220       0x74 c:/intelfpga_lite/16.1/nios2eds/bin/gnu/h-x86_64-mingw32/bin/../lib/gcc/nios2-elf/5.3.0/../../../../../H-x86_64-mingw32/nios2-elf/lib\libc.a(lib_a-mprec.o)
                0x000000000458b220                _mprec_log10
 .text.__copybits
                0x000000000458b294       0x78 c:/intelfpga_lite/16.1/nios2eds/bin/gnu/h-x86_64-mingw32/bin/../lib/gcc/nios2-elf/5.3.0/../../../../../H-x86_64-mingw32/nios2-elf/lib\libc.a(lib_a-mprec.o)
                0x000000000458b294                __copybits
 .text.__any_on
                0x000000000458b30c       0x8c c:/intelfpga_lite/16.1/nios2eds/bin/gnu/h-x86_64-mingw32/bin/../lib/gcc/nios2-elf/5.3.0/../../../../../H-x86_64-mingw32/nios2-elf/lib\libc.a(lib_a-mprec.o)
                0x000000000458b30c                __any_on
 .text          0x000000000458b398        0x0 c:/intelfpga_lite/16.1/nios2eds/bin/gnu/h-x86_64-mingw32/bin/../lib/gcc/nios2-elf/5.3.0/../../../../../H-x86_64-mingw32/nios2-elf/lib\libc.a(lib_a-s_fpclassify.o)
 .text.__fpclassifyd
                0x000000000458b398       0x74 c:/intelfpga_lite/16.1/nios2eds/bin/gnu/h-x86_64-mingw32/bin/../lib/gcc/nios2-elf/5.3.0/../../../../../H-x86_64-mingw32/nios2-elf/lib\libc.a(lib_a-s_fpclassify.o)
                0x000000000458b398                __fpclassifyd
 .text          0x000000000458b40c        0x0 c:/intelfpga_lite/16.1/nios2eds/bin/gnu/h-x86_64-mingw32/bin/../lib/gcc/nios2-elf/5.3.0/../../../../../H-x86_64-mingw32/nios2-elf/lib\libc.a(lib_a-stdio.o)
 .text.__sread  0x000000000458b40c       0x54 c:/intelfpga_lite/16.1/nios2eds/bin/gnu/h-x86_64-mingw32/bin/../lib/gcc/nios2-elf/5.3.0/../../../../../H-x86_64-mingw32/nios2-elf/lib\libc.a(lib_a-stdio.o)
                0x000000000458b40c                __sread
 .text.__seofread
                0x000000000458b460        0x8 c:/intelfpga_lite/16.1/nios2eds/bin/gnu/h-x86_64-mingw32/bin/../lib/gcc/nios2-elf/5.3.0/../../../../../H-x86_64-mingw32/nios2-elf/lib\libc.a(lib_a-stdio.o)
                0x000000000458b460                __seofread
 .text.__swrite
                0x000000000458b468       0x7c c:/intelfpga_lite/16.1/nios2eds/bin/gnu/h-x86_64-mingw32/bin/../lib/gcc/nios2-elf/5.3.0/../../../../../H-x86_64-mingw32/nios2-elf/lib\libc.a(lib_a-stdio.o)
                0x000000000458b468                __swrite
 .text.__sseek  0x000000000458b4e4       0x5c c:/intelfpga_lite/16.1/nios2eds/bin/gnu/h-x86_64-mingw32/bin/../lib/gcc/nios2-elf/5.3.0/../../../../../H-x86_64-mingw32/nios2-elf/lib\libc.a(lib_a-stdio.o)
                0x000000000458b4e4                __sseek
 .text.__sclose
                0x000000000458b540        0x8 c:/intelfpga_lite/16.1/nios2eds/bin/gnu/h-x86_64-mingw32/bin/../lib/gcc/nios2-elf/5.3.0/../../../../../H-x86_64-mingw32/nios2-elf/lib\libc.a(lib_a-stdio.o)
                0x000000000458b540                __sclose
 .text          0x000000000458b548        0x0 c:/intelfpga_lite/16.1/nios2eds/bin/gnu/h-x86_64-mingw32/bin/../lib/gcc/nios2-elf/5.3.0/../../../../../H-x86_64-mingw32/nios2-elf/lib\libc.a(lib_a-strcmp.o)
 .text.strcmp   0x000000000458b548       0xdc c:/intelfpga_lite/16.1/nios2eds/bin/gnu/h-x86_64-mingw32/bin/../lib/gcc/nios2-elf/5.3.0/../../../../../H-x86_64-mingw32/nios2-elf/lib\libc.a(lib_a-strcmp.o)
                0x000000000458b548                strcmp
 .text          0x000000000458b624        0x0 c:/intelfpga_lite/16.1/nios2eds/bin/gnu/h-x86_64-mingw32/bin/../lib/gcc/nios2-elf/5.3.0/../../../../../H-x86_64-mingw32/nios2-elf/lib\libc.a(lib_a-vfiprintf.o)
 .text.__sprint_r.part.0
                0x000000000458b624       0xfc c:/intelfpga_lite/16.1/nios2eds/bin/gnu/h-x86_64-mingw32/bin/../lib/gcc/nios2-elf/5.3.0/../../../../../H-x86_64-mingw32/nios2-elf/lib\libc.a(lib_a-vfiprintf.o)
 .text.__sprint_r
                0x000000000458b720       0x18 c:/intelfpga_lite/16.1/nios2eds/bin/gnu/h-x86_64-mingw32/bin/../lib/gcc/nios2-elf/5.3.0/../../../../../H-x86_64-mingw32/nios2-elf/lib\libc.a(lib_a-vfiprintf.o)
                0x000000000458b720                __sprint_r
 .text.___vfiprintf_internal_r
                0x000000000458b738     0x145c c:/intelfpga_lite/16.1/nios2eds/bin/gnu/h-x86_64-mingw32/bin/../lib/gcc/nios2-elf/5.3.0/../../../../../H-x86_64-mingw32/nios2-elf/lib\libc.a(lib_a-vfiprintf.o)
                0x000000000458b738                ___vfiprintf_internal_r
 .text.__vfiprintf_internal
                0x000000000458cb94       0x1c c:/intelfpga_lite/16.1/nios2eds/bin/gnu/h-x86_64-mingw32/bin/../lib/gcc/nios2-elf/5.3.0/../../../../../H-x86_64-mingw32/nios2-elf/lib\libc.a(lib_a-vfiprintf.o)
                0x000000000458cb94                __vfiprintf_internal
 .text.__sbprintf
                0x000000000458cbb0       0xbc c:/intelfpga_lite/16.1/nios2eds/bin/gnu/h-x86_64-mingw32/bin/../lib/gcc/nios2-elf/5.3.0/../../../../../H-x86_64-mingw32/nios2-elf/lib\libc.a(lib_a-vfiprintf.o)
 .text          0x000000000458cc6c        0x0 c:/intelfpga_lite/16.1/nios2eds/bin/gnu/h-x86_64-mingw32/bin/../lib/gcc/nios2-elf/5.3.0/../../../../../H-x86_64-mingw32/nios2-elf/lib\libc.a(lib_a-writer.o)
 .text._write_r
                0x000000000458cc6c       0x60 c:/intelfpga_lite/16.1/nios2eds/bin/gnu/h-x86_64-mingw32/bin/../lib/gcc/nios2-elf/5.3.0/../../../../../H-x86_64-mingw32/nios2-elf/lib\libc.a(lib_a-writer.o)
                0x000000000458cc6c                _write_r
 .text          0x000000000458cccc        0x0 c:/intelfpga_lite/16.1/nios2eds/bin/gnu/h-x86_64-mingw32/bin/../lib/gcc/nios2-elf/5.3.0/../../../../../H-x86_64-mingw32/nios2-elf/lib\libc.a(closer.o)
 .text._close_r
                0x000000000458cccc       0x54 c:/intelfpga_lite/16.1/nios2eds/bin/gnu/h-x86_64-mingw32/bin/../lib/gcc/nios2-elf/5.3.0/../../../../../H-x86_64-mingw32/nios2-elf/lib\libc.a(closer.o)
                0x000000000458cccc                _close_r
 .text          0x000000000458cd20        0x0 c:/intelfpga_lite/16.1/nios2eds/bin/gnu/h-x86_64-mingw32/bin/../lib/gcc/nios2-elf/5.3.0/../../../../../H-x86_64-mingw32/nios2-elf/lib\libc.a(lib_a-callocr.o)
 .text._calloc_r
                0x000000000458cd20       0xc4 c:/intelfpga_lite/16.1/nios2eds/bin/gnu/h-x86_64-mingw32/bin/../lib/gcc/nios2-elf/5.3.0/../../../../../H-x86_64-mingw32/nios2-elf/lib\libc.a(lib_a-callocr.o)
                0x000000000458cd20                _calloc_r
 .text          0x000000000458cde4        0x0 c:/intelfpga_lite/16.1/nios2eds/bin/gnu/h-x86_64-mingw32/bin/../lib/gcc/nios2-elf/5.3.0/../../../../../H-x86_64-mingw32/nios2-elf/lib\libc.a(lib_a-fclose.o)
 .text._fclose_r
                0x000000000458cde4       0xf0 c:/intelfpga_lite/16.1/nios2eds/bin/gnu/h-x86_64-mingw32/bin/../lib/gcc/nios2-elf/5.3.0/../../../../../H-x86_64-mingw32/nios2-elf/lib\libc.a(lib_a-fclose.o)
                0x000000000458cde4                _fclose_r
 .text.fclose   0x000000000458ced4       0x14 c:/intelfpga_lite/16.1/nios2eds/bin/gnu/h-x86_64-mingw32/bin/../lib/gcc/nios2-elf/5.3.0/../../../../../H-x86_64-mingw32/nios2-elf/lib\libc.a(lib_a-fclose.o)
                0x000000000458ced4                fclose
 .text          0x000000000458cee8        0x0 c:/intelfpga_lite/16.1/nios2eds/bin/gnu/h-x86_64-mingw32/bin/../lib/gcc/nios2-elf/5.3.0/../../../../../H-x86_64-mingw32/nios2-elf/lib\libc.a(lib_a-fputwc.o)
 .text.__fputwc
                0x000000000458cee8      0x164 c:/intelfpga_lite/16.1/nios2eds/bin/gnu/h-x86_64-mingw32/bin/../lib/gcc/nios2-elf/5.3.0/../../../../../H-x86_64-mingw32/nios2-elf/lib\libc.a(lib_a-fputwc.o)
                0x000000000458cee8                __fputwc
 .text._fputwc_r
                0x000000000458d04c       0x24 c:/intelfpga_lite/16.1/nios2eds/bin/gnu/h-x86_64-mingw32/bin/../lib/gcc/nios2-elf/5.3.0/../../../../../H-x86_64-mingw32/nios2-elf/lib\libc.a(lib_a-fputwc.o)
                0x000000000458d04c                _fputwc_r
 .text.fputwc   0x000000000458d070       0x80 c:/intelfpga_lite/16.1/nios2eds/bin/gnu/h-x86_64-mingw32/bin/../lib/gcc/nios2-elf/5.3.0/../../../../../H-x86_64-mingw32/nios2-elf/lib\libc.a(lib_a-fputwc.o)
                0x000000000458d070                fputwc
 .text          0x000000000458d0f0        0x0 c:/intelfpga_lite/16.1/nios2eds/bin/gnu/h-x86_64-mingw32/bin/../lib/gcc/nios2-elf/5.3.0/../../../../../H-x86_64-mingw32/nios2-elf/lib\libc.a(lib_a-fstatr.o)
 .text._fstat_r
                0x000000000458d0f0       0x5c c:/intelfpga_lite/16.1/nios2eds/bin/gnu/h-x86_64-mingw32/bin/../lib/gcc/nios2-elf/5.3.0/../../../../../H-x86_64-mingw32/nios2-elf/lib\libc.a(lib_a-fstatr.o)
                0x000000000458d0f0                _fstat_r
 .text          0x000000000458d14c        0x0 c:/intelfpga_lite/16.1/nios2eds/bin/gnu/h-x86_64-mingw32/bin/../lib/gcc/nios2-elf/5.3.0/../../../../../H-x86_64-mingw32/nios2-elf/lib\libc.a(lib_a-fvwrite.o)
 .text.__sfvwrite_r
                0x000000000458d14c      0x4bc c:/intelfpga_lite/16.1/nios2eds/bin/gnu/h-x86_64-mingw32/bin/../lib/gcc/nios2-elf/5.3.0/../../../../../H-x86_64-mingw32/nios2-elf/lib\libc.a(lib_a-fvwrite.o)
                0x000000000458d14c                __sfvwrite_r
 .text          0x000000000458d608        0x0 c:/intelfpga_lite/16.1/nios2eds/bin/gnu/h-x86_64-mingw32/bin/../lib/gcc/nios2-elf/5.3.0/../../../../../H-x86_64-mingw32/nios2-elf/lib\libc.a(lib_a-isattyr.o)
 .text._isatty_r
                0x000000000458d608       0x54 c:/intelfpga_lite/16.1/nios2eds/bin/gnu/h-x86_64-mingw32/bin/../lib/gcc/nios2-elf/5.3.0/../../../../../H-x86_64-mingw32/nios2-elf/lib\libc.a(lib_a-isattyr.o)
                0x000000000458d608                _isatty_r
 .text          0x000000000458d65c        0x0 c:/intelfpga_lite/16.1/nios2eds/bin/gnu/h-x86_64-mingw32/bin/../lib/gcc/nios2-elf/5.3.0/../../../../../H-x86_64-mingw32/nios2-elf/lib\libc.a(lib_a-lseekr.o)
 .text._lseek_r
                0x000000000458d65c       0x60 c:/intelfpga_lite/16.1/nios2eds/bin/gnu/h-x86_64-mingw32/bin/../lib/gcc/nios2-elf/5.3.0/../../../../../H-x86_64-mingw32/nios2-elf/lib\libc.a(lib_a-lseekr.o)
                0x000000000458d65c                _lseek_r
 .text          0x000000000458d6bc        0x0 c:/intelfpga_lite/16.1/nios2eds/bin/gnu/h-x86_64-mingw32/bin/../lib/gcc/nios2-elf/5.3.0/../../../../../H-x86_64-mingw32/nios2-elf/lib\libc.a(lib_a-memmove.o)
 .text.memmove  0x000000000458d6bc      0x15c c:/intelfpga_lite/16.1/nios2eds/bin/gnu/h-x86_64-mingw32/bin/../lib/gcc/nios2-elf/5.3.0/../../../../../H-x86_64-mingw32/nios2-elf/lib\libc.a(lib_a-memmove.o)
                0x000000000458d6bc                memmove
 .text          0x000000000458d818        0x0 c:/intelfpga_lite/16.1/nios2eds/bin/gnu/h-x86_64-mingw32/bin/../lib/gcc/nios2-elf/5.3.0/../../../../../H-x86_64-mingw32/nios2-elf/lib\libc.a(lib_a-readr.o)
 .text._read_r  0x000000000458d818       0x60 c:/intelfpga_lite/16.1/nios2eds/bin/gnu/h-x86_64-mingw32/bin/../lib/gcc/nios2-elf/5.3.0/../../../../../H-x86_64-mingw32/nios2-elf/lib\libc.a(lib_a-readr.o)
                0x000000000458d818                _read_r
 .text          0x000000000458d878        0x0 c:/intelfpga_lite/16.1/nios2eds/bin/gnu/h-x86_64-mingw32/bin/../lib/gcc/nios2-elf/5.3.0/../../../../../H-x86_64-mingw32/nios2-elf/lib\libc.a(lib_a-reallocr.o)
 .text._realloc_r
                0x000000000458d878      0x564 c:/intelfpga_lite/16.1/nios2eds/bin/gnu/h-x86_64-mingw32/bin/../lib/gcc/nios2-elf/5.3.0/../../../../../H-x86_64-mingw32/nios2-elf/lib\libc.a(lib_a-reallocr.o)
                0x000000000458d878                _realloc_r
 .text          0x000000000458dddc        0x0 c:/intelfpga_lite/16.1/nios2eds/bin/gnu/h-x86_64-mingw32/bin/../lib/gcc/nios2-elf/5.3.0/../../../../../H-x86_64-mingw32/nios2-elf/lib\libc.a(lib_a-wbuf.o)
 .text.__swbuf_r
                0x000000000458dddc      0x140 c:/intelfpga_lite/16.1/nios2eds/bin/gnu/h-x86_64-mingw32/bin/../lib/gcc/nios2-elf/5.3.0/../../../../../H-x86_64-mingw32/nios2-elf/lib\libc.a(lib_a-wbuf.o)
                0x000000000458dddc                __swbuf_r
 .text.__swbuf  0x000000000458df1c       0x18 c:/intelfpga_lite/16.1/nios2eds/bin/gnu/h-x86_64-mingw32/bin/../lib/gcc/nios2-elf/5.3.0/../../../../../H-x86_64-mingw32/nios2-elf/lib\libc.a(lib_a-wbuf.o)
                0x000000000458df1c                __swbuf
 .text          0x000000000458df34        0x0 c:/intelfpga_lite/16.1/nios2eds/bin/gnu/h-x86_64-mingw32/bin/../lib/gcc/nios2-elf/5.3.0/../../../../../H-x86_64-mingw32/nios2-elf/lib\libc.a(lib_a-wcrtomb.o)
 .text._wcrtomb_r
                0x000000000458df34       0x9c c:/intelfpga_lite/16.1/nios2eds/bin/gnu/h-x86_64-mingw32/bin/../lib/gcc/nios2-elf/5.3.0/../../../../../H-x86_64-mingw32/nios2-elf/lib\libc.a(lib_a-wcrtomb.o)
                0x000000000458df34                _wcrtomb_r
 .text.wcrtomb  0x000000000458dfd0       0xc0 c:/intelfpga_lite/16.1/nios2eds/bin/gnu/h-x86_64-mingw32/bin/../lib/gcc/nios2-elf/5.3.0/../../../../../H-x86_64-mingw32/nios2-elf/lib\libc.a(lib_a-wcrtomb.o)
                0x000000000458dfd0                wcrtomb
 .text          0x000000000458e090        0x0 c:/intelfpga_lite/16.1/nios2eds/bin/gnu/h-x86_64-mingw32/bin/../lib/gcc/nios2-elf/5.3.0/../../../../../H-x86_64-mingw32/nios2-elf/lib\libc.a(lib_a-wctomb_r.o)
 .text.__ascii_wctomb
                0x000000000458e090       0x30 c:/intelfpga_lite/16.1/nios2eds/bin/gnu/h-x86_64-mingw32/bin/../lib/gcc/nios2-elf/5.3.0/../../../../../H-x86_64-mingw32/nios2-elf/lib\libc.a(lib_a-wctomb_r.o)
                0x000000000458e090                __ascii_wctomb
 .text._wctomb_r
                0x000000000458e0c0       0x5c c:/intelfpga_lite/16.1/nios2eds/bin/gnu/h-x86_64-mingw32/bin/../lib/gcc/nios2-elf/5.3.0/../../../../../H-x86_64-mingw32/nios2-elf/lib\libc.a(lib_a-wctomb_r.o)
                0x000000000458e0c0                _wctomb_r
 .text          0x000000000458e11c      0x578 c:/intelfpga_lite/16.1/nios2eds/bin/gnu/h-x86_64-mingw32/bin/../lib/gcc/nios2-elf/5.3.0\libgcc.a(_udivdi3.o)
                0x000000000458e11c                __udivdi3
 .text          0x000000000458e694      0x538 c:/intelfpga_lite/16.1/nios2eds/bin/gnu/h-x86_64-mingw32/bin/../lib/gcc/nios2-elf/5.3.0\libgcc.a(_umoddi3.o)
                0x000000000458e694                __umoddi3
 .text          0x000000000458ebcc      0x8ac c:/intelfpga_lite/16.1/nios2eds/bin/gnu/h-x86_64-mingw32/bin/../lib/gcc/nios2-elf/5.3.0\libgcc.a(adddf3.o)
                0x000000000458ebcc                __adddf3
 .text          0x000000000458f478      0x8e8 c:/intelfpga_lite/16.1/nios2eds/bin/gnu/h-x86_64-mingw32/bin/../lib/gcc/nios2-elf/5.3.0\libgcc.a(divdf3.o)
                0x000000000458f478                __divdf3
 .text          0x000000000458fd60       0x88 c:/intelfpga_lite/16.1/nios2eds/bin/gnu/h-x86_64-mingw32/bin/../lib/gcc/nios2-elf/5.3.0\libgcc.a(eqdf2.o)
                0x000000000458fd60                __nedf2
                0x000000000458fd60                __eqdf2
 .text          0x000000000458fde8       0xdc c:/intelfpga_lite/16.1/nios2eds/bin/gnu/h-x86_64-mingw32/bin/../lib/gcc/nios2-elf/5.3.0\libgcc.a(gedf2.o)
                0x000000000458fde8                __gedf2
                0x000000000458fde8                __gtdf2
 .text          0x000000000458fec4       0xf4 c:/intelfpga_lite/16.1/nios2eds/bin/gnu/h-x86_64-mingw32/bin/../lib/gcc/nios2-elf/5.3.0\libgcc.a(ledf2.o)
                0x000000000458fec4                __ledf2
                0x000000000458fec4                __ltdf2
 .text          0x000000000458ffb8      0x718 c:/intelfpga_lite/16.1/nios2eds/bin/gnu/h-x86_64-mingw32/bin/../lib/gcc/nios2-elf/5.3.0\libgcc.a(muldf3.o)
                0x000000000458ffb8                __muldf3
 .text          0x00000000045906d0      0x8fc c:/intelfpga_lite/16.1/nios2eds/bin/gnu/h-x86_64-mingw32/bin/../lib/gcc/nios2-elf/5.3.0\libgcc.a(subdf3.o)
                0x00000000045906d0                __subdf3
 .text          0x0000000004590fcc       0x80 c:/intelfpga_lite/16.1/nios2eds/bin/gnu/h-x86_64-mingw32/bin/../lib/gcc/nios2-elf/5.3.0\libgcc.a(fixdfsi.o)
                0x0000000004590fcc                __fixdfsi
 .text          0x000000000459104c       0xdc c:/intelfpga_lite/16.1/nios2eds/bin/gnu/h-x86_64-mingw32/bin/../lib/gcc/nios2-elf/5.3.0\libgcc.a(floatsidf.o)
                0x000000000459104c                __floatsidf
 .text          0x0000000004591128       0xa8 c:/intelfpga_lite/16.1/nios2eds/bin/gnu/h-x86_64-mingw32/bin/../lib/gcc/nios2-elf/5.3.0\libgcc.a(floatunsidf.o)
                0x0000000004591128                __floatunsidf
 .text          0x00000000045911d0        0x0 c:/intelfpga_lite/16.1/nios2eds/bin/gnu/h-x86_64-mingw32/bin/../lib/gcc/nios2-elf/5.3.0\libgcc.a(_clz.o)
 .text          0x00000000045911d0       0x64 c:/intelfpga_lite/16.1/nios2eds/bin/gnu/h-x86_64-mingw32/bin/../lib/gcc/nios2-elf/5.3.0\libgcc.a(_clzsi2.o)
                0x00000000045911d0                __clzsi2
 .text          0x0000000004591234       0xb8 ../lab5_bsp/\libucosii_bsp.a(alt_close.o)
                0x0000000004591234                close
 .text          0x00000000045912ec       0x18 ../lab5_bsp/\libucosii_bsp.a(alt_dcache_flush_all.o)
                0x00000000045912ec                alt_dcache_flush_all
 .text          0x0000000004591304        0x8 ../lab5_bsp/\libucosii_bsp.a(alt_dev.o)
 .text          0x000000000459130c        0x0 ../lab5_bsp/\libucosii_bsp.a(alt_errno.o)
 .text          0x000000000459130c       0x74 ../lab5_bsp/\libucosii_bsp.a(alt_fstat.o)
                0x000000000459130c                fstat
 .text          0x0000000004591380       0xa8 ../lab5_bsp/\libucosii_bsp.a(alt_iic.o)
                0x0000000004591380                alt_ic_isr_register
                0x00000000045913a0                alt_ic_irq_enable
                0x00000000045913d8                alt_ic_irq_disable
                0x0000000004591410                alt_ic_irq_enabled
 .text          0x0000000004591428       0x6c ../lab5_bsp/\libucosii_bsp.a(alt_iic_isr_register.o)
                0x0000000004591428                alt_iic_isr_register
 .text          0x0000000004591494        0x0 ../lab5_bsp/\libucosii_bsp.a(alt_irq_entry.o)
 .text          0x0000000004591494        0x0 ../lab5_bsp/\libucosii_bsp.a(alt_irq_handler.o)
 .text          0x0000000004591494        0x0 ../lab5_bsp/\libucosii_bsp.a(alt_irq_vars.o)
 .text          0x0000000004591494       0x84 ../lab5_bsp/\libucosii_bsp.a(alt_isatty.o)
                0x0000000004591494                isatty
 .text          0x0000000004591518      0x184 ../lab5_bsp/\libucosii_bsp.a(alt_load.o)
                0x0000000004591518                alt_load
 .text          0x000000000459169c       0x90 ../lab5_bsp/\libucosii_bsp.a(alt_lseek.o)
                0x000000000459169c                lseek
 .text          0x000000000459172c       0x90 ../lab5_bsp/\libucosii_bsp.a(alt_main.o)
                0x000000000459172c                alt_main
 .text          0x00000000045917bc       0xd8 ../lab5_bsp/\libucosii_bsp.a(alt_read.o)
                0x00000000045917bc                read
 .text          0x0000000004591894       0x24 ../lab5_bsp/\libucosii_bsp.a(alt_release_fd.o)
                0x0000000004591894                alt_release_fd
 .text          0x00000000045918b8       0x4c ../lab5_bsp/\libucosii_bsp.a(alt_sbrk.o)
                0x00000000045918b8                sbrk
 .text          0x0000000004591904      0x108 ../lab5_bsp/\libucosii_bsp.a(alt_tick.o)
                0x0000000004591904                alt_alarm_stop
                0x000000000459193c                alt_tick
 .text          0x0000000004591a0c       0xd4 ../lab5_bsp/\libucosii_bsp.a(alt_write.o)
                0x0000000004591a0c                write
 .text          0x0000000004591ae0       0xb8 ../lab5_bsp/\libucosii_bsp.a(alt_env_lock.o)
                0x0000000004591ae0                __env_lock
                0x0000000004591b60                __env_unlock
 .text          0x0000000004591b98      0x110 ../lab5_bsp/\libucosii_bsp.a(alt_malloc_lock.o)
                0x0000000004591b98                __malloc_lock
                0x0000000004591c3c                __malloc_unlock
 .text          0x0000000004591ca8     0x11e4 ../lab5_bsp/\libucosii_bsp.a(os_core.o)
                0x0000000004591ce4                OS_TaskIdle
                0x0000000004591d18                OSIntEnter
                0x0000000004591d40                OSIntExit
                0x0000000004591dec                OSSchedLock
                0x0000000004591e30                OSStart
                0x0000000004591e80                OSStatInit
                0x0000000004591ee4                OSTimeTick
                0x0000000004592004                OSVersion
                0x000000000459200c                OS_Dummy
                0x0000000004592010                OS_EventTaskWait
                0x0000000004592084                OS_EventTaskWaitMulti
                0x0000000004592110                OS_EventTaskRemove
                0x0000000004592150                OS_EventTaskRemoveMulti
                0x00000000045921a8                OS_EventTaskRdy
                0x0000000004592298                OS_EventWaitListInit
                0x00000000045922ac                OS_MemClr
                0x00000000045922d8                OSInit
                0x0000000004592500                OS_MemCopy
                0x0000000004592534                OS_Sched
                0x00000000045925c0                OSEventPendMulti
                0x0000000004592968                OSSchedUnlock
                0x00000000045929e0                OS_StrCopy
                0x0000000004592a24                OSEventNameGet
                0x0000000004592ae4                OS_StrLen
                0x0000000004592b0c                OSEventNameSet
                0x0000000004592be8                OS_TaskStatStkChk
                0x0000000004592c7c                OS_TaskStat
                0x0000000004592d10                OS_TCBInit
 .text          0x0000000004592e8c        0x4 ../lab5_bsp/\libucosii_bsp.a(os_dbg.o)
                0x0000000004592e8c                OSDebugInit
 .text          0x0000000004592e90      0xd50 ../lab5_bsp/\libucosii_bsp.a(os_flag.o)
                0x0000000004592f20                OSFlagAccept
                0x00000000045930b4                OSFlagCreate
                0x0000000004593134                OSFlagNameGet
                0x00000000045931f4                OSFlagNameSet
                0x00000000045932d0                OSFlagPendGetFlagsRdy
                0x00000000045932f0                OSFlagQuery
                0x000000000459334c                OS_FlagInit
                0x00000000045933e0                OS_FlagUnlink
                0x000000000459349c                OSFlagDel
                0x0000000004593614                OSFlagPost
                0x0000000004593868                OSFlagPend
 .text          0x0000000004593be0      0x414 ../lab5_bsp/\libucosii_bsp.a(os_mem.o)
                0x0000000004593be0                OSMemCreate
                0x0000000004593ce0                OSMemGet
                0x0000000004593d4c                OSMemNameGet
                0x0000000004593dec                OSMemNameSet
                0x0000000004593eac                OSMemPut
                0x0000000004593f10                OSMemQuery
                0x0000000004593f74                OS_MemInit
 .text          0x0000000004593ff4      0xa30 ../lab5_bsp/\libucosii_bsp.a(os_q.o)
                0x0000000004593ff4                OSQAccept
                0x0000000004594094                OSQCreate
                0x000000000459417c                OSQDel
                0x0000000004594338                OSQFlush
                0x0000000004594388                OSQPend
                0x0000000004594518                OSQPendAbort
                0x0000000004594630                OSQPost
                0x00000000045946f8                OSQPostFront
                0x00000000045947c0                OSQPostOpt
                0x0000000004594928                OSQQuery
                0x00000000045949c8                OS_QInit
 .text          0x0000000004594a24      0x640 ../lab5_bsp/\libucosii_bsp.a(os_sem.o)
                0x0000000004594a24                OSSemAccept
                0x0000000004594a70                OSSemCreate
                0x0000000004594af4                OSSemDel
                0x0000000004594c80                OSSemPend
                0x0000000004594dc0                OSSemPendAbort
                0x0000000004594ed8                OSSemPost
                0x0000000004594f7c                OSSemQuery
                0x0000000004594ff4                OSSemSet
 .text          0x0000000004595064      0xf24 ../lab5_bsp/\libucosii_bsp.a(os_task.o)
                0x0000000004595064                OSTaskChangePrio
                0x0000000004595300                OSTaskCreate
                0x0000000004595424                OSTaskDel
                0x0000000004595664                OSTaskDelReq
                0x000000000459572c                OSTaskNameGet
                0x0000000004595838                OSTaskNameSet
                0x0000000004595960                OSTaskResume
                0x0000000004595a74                OSTaskStkChk
                0x0000000004595ba8                OSTaskSuspend
                0x0000000004595cec                OSTaskQuery
                0x0000000004595ddc                OS_TaskStkClr
                0x0000000004595e00                OSTaskCreateExt
 .text          0x0000000004595f88      0x2e8 ../lab5_bsp/\libucosii_bsp.a(os_time.o)
                0x0000000004595f88                OSTimeDly
                0x0000000004596008                OSTimeDlyHMSM
                0x0000000004596124                OSTimeDlyResume
                0x0000000004596238                OSTimeGet
                0x0000000004596254                OSTimeSet
 .text          0x0000000004596270       0x78 ../lab5_bsp/\libucosii_bsp.a(alt_sys_init.o)
                0x0000000004596270                alt_irq_init
                0x0000000004596290                alt_sys_init
 .text          0x00000000045962e8       0x8c ../lab5_bsp/\libucosii_bsp.a(altera_avalon_jtag_uart_fd.o)
                0x00000000045962e8                altera_avalon_jtag_uart_read_fd
                0x000000000459630c                altera_avalon_jtag_uart_write_fd
                0x0000000004596330                altera_avalon_jtag_uart_close_fd
                0x0000000004596354                altera_avalon_jtag_uart_ioctl_fd
 .text          0x0000000004596374      0x320 ../lab5_bsp/\libucosii_bsp.a(altera_avalon_jtag_uart_init.o)
                0x0000000004596598                altera_avalon_jtag_uart_init
                0x0000000004596658                altera_avalon_jtag_uart_close
 .text          0x0000000004596694       0x88 ../lab5_bsp/\libucosii_bsp.a(altera_avalon_jtag_uart_ioctl.o)
                0x0000000004596694                altera_avalon_jtag_uart_ioctl
 .text          0x000000000459671c      0x1c0 ../lab5_bsp/\libucosii_bsp.a(altera_avalon_jtag_uart_read.o)
                0x000000000459671c                altera_avalon_jtag_uart_read
 .text          0x00000000045968dc      0x210 ../lab5_bsp/\libucosii_bsp.a(altera_avalon_jtag_uart_write.o)
                0x00000000045968dc                altera_avalon_jtag_uart_write
 .text          0x0000000004596aec       0x84 ../lab5_bsp/\libucosii_bsp.a(altera_avalon_timer_sc.o)
                0x0000000004596b28                alt_avalon_timer_sc_init
 .text          0x0000000004596b70       0x80 ../lab5_bsp/\libucosii_bsp.a(alt_alarm_start.o)
                0x0000000004596b70                alt_alarm_start
 .text          0x0000000004596bf0       0x74 ../lab5_bsp/\libucosii_bsp.a(alt_dev_llist_insert.o)
                0x0000000004596bf0                alt_dev_llist_insert
 .text          0x0000000004596c64       0x78 ../lab5_bsp/\libucosii_bsp.a(alt_do_ctors.o)
                0x0000000004596c64                _do_ctors
 .text          0x0000000004596cdc       0x78 ../lab5_bsp/\libucosii_bsp.a(alt_do_dtors.o)
                0x0000000004596cdc                _do_dtors
 .text          0x0000000004596d54        0x0 ../lab5_bsp/\libucosii_bsp.a(alt_exception_entry.o)
 .text          0x0000000004596d54       0x20 ../lab5_bsp/\libucosii_bsp.a(alt_icache_flush_all.o)
                0x0000000004596d54                alt_icache_flush_all
 .text          0x0000000004596d74       0xf8 ../lab5_bsp/\libucosii_bsp.a(alt_io_redirect.o)
                0x0000000004596dd8                alt_io_redirect
 .text          0x0000000004596e6c      0x190 ../lab5_bsp/\libucosii_bsp.a(alt_open.o)
                0x0000000004596e6c                open
 .text          0x0000000004596ffc        0x8 ../lab5_bsp/\libucosii_bsp.a(altera_nios2_qsys_irq.o)
                0x0000000004596ffc                altera_nios2_qsys_irq_init
 .text          0x0000000004597004       0xd0 ../lab5_bsp/\libucosii_bsp.a(os_cpu_a.o)
                0x0000000004597004                OSCtxSw
                0x0000000004597004                OSIntCtxSw
                0x0000000004597090                OSStartHighRdy
                0x00000000045970b0                OSStartTsk
 .text          0x00000000045970d4       0xfc ../lab5_bsp/\libucosii_bsp.a(os_cpu_c.o)
                0x00000000045970d4                OSTaskStkInit
                0x00000000045971ac                OSTaskCreateHook
                0x00000000045971b0                OSTaskDelHook
                0x00000000045971b4                OSTaskSwHook
                0x00000000045971b8                OSTaskStatHook
                0x00000000045971bc                OSTimeTickHook
                0x00000000045971c0                OSInitHookBegin
                0x00000000045971c4                OSInitHookEnd
                0x00000000045971c8                OSTaskIdleHook
                0x00000000045971cc                OSTCBInitHook
 .text          0x00000000045971d0       0x7c ../lab5_bsp/\libucosii_bsp.a(alt_find_dev.o)
                0x00000000045971d0                alt_find_dev
 .text          0x000000000459724c       0xc0 ../lab5_bsp/\libucosii_bsp.a(alt_find_file.o)
                0x000000000459724c                alt_find_file
 .text          0x000000000459730c       0xa8 ../lab5_bsp/\libucosii_bsp.a(alt_get_fd.o)
                0x000000000459730c                alt_get_fd
 .text          0x00000000045973b4       0x58 ../lab5_bsp/\libucosii_bsp.a(alt_icache_flush.o)
                0x00000000045973b4                alt_icache_flush
 .text          0x000000000459740c        0x0 c:/intelfpga_lite/16.1/nios2eds/bin/gnu/h-x86_64-mingw32/bin/../lib/gcc/nios2-elf/5.3.0/../../../../../H-x86_64-mingw32/nios2-elf/lib\libc.a(lib_a-atexit.o)
 .text.atexit   0x000000000459740c       0x14 c:/intelfpga_lite/16.1/nios2eds/bin/gnu/h-x86_64-mingw32/bin/../lib/gcc/nios2-elf/5.3.0/../../../../../H-x86_64-mingw32/nios2-elf/lib\libc.a(lib_a-atexit.o)
                0x000000000459740c                atexit
 .text          0x0000000004597420        0x0 c:/intelfpga_lite/16.1/nios2eds/bin/gnu/h-x86_64-mingw32/bin/../lib/gcc/nios2-elf/5.3.0/../../../../../H-x86_64-mingw32/nios2-elf/lib\libc.a(lib_a-exit.o)
 .text.exit     0x0000000004597420       0x38 c:/intelfpga_lite/16.1/nios2eds/bin/gnu/h-x86_64-mingw32/bin/../lib/gcc/nios2-elf/5.3.0/../../../../../H-x86_64-mingw32/nios2-elf/lib\libc.a(lib_a-exit.o)
                0x0000000004597420                exit
 .text          0x0000000004597458        0x0 c:/intelfpga_lite/16.1/nios2eds/bin/gnu/h-x86_64-mingw32/bin/../lib/gcc/nios2-elf/5.3.0/../../../../../H-x86_64-mingw32/nios2-elf/lib\libc.a(lib_a-memcmp.o)
 .text.memcmp   0x0000000004597458       0x7c c:/intelfpga_lite/16.1/nios2eds/bin/gnu/h-x86_64-mingw32/bin/../lib/gcc/nios2-elf/5.3.0/../../../../../H-x86_64-mingw32/nios2-elf/lib\libc.a(lib_a-memcmp.o)
                0x0000000004597458                memcmp
 .text          0x00000000045974d4        0x0 c:/intelfpga_lite/16.1/nios2eds/bin/gnu/h-x86_64-mingw32/bin/../lib/gcc/nios2-elf/5.3.0/../../../../../H-x86_64-mingw32/nios2-elf/lib\libc.a(lib_a-__atexit.o)
 .text.__register_exitproc
                0x00000000045974d4      0x118 c:/intelfpga_lite/16.1/nios2eds/bin/gnu/h-x86_64-mingw32/bin/../lib/gcc/nios2-elf/5.3.0/../../../../../H-x86_64-mingw32/nios2-elf/lib\libc.a(lib_a-__atexit.o)
                0x00000000045974d4                __register_exitproc
 .text          0x00000000045975ec        0x0 c:/intelfpga_lite/16.1/nios2eds/bin/gnu/h-x86_64-mingw32/bin/../lib/gcc/nios2-elf/5.3.0/../../../../../H-x86_64-mingw32/nios2-elf/lib\libc.a(lib_a-__call_atexit.o)
 .text.__call_exitprocs
                0x00000000045975ec      0x180 c:/intelfpga_lite/16.1/nios2eds/bin/gnu/h-x86_64-mingw32/bin/../lib/gcc/nios2-elf/5.3.0/../../../../../H-x86_64-mingw32/nios2-elf/lib\libc.a(lib_a-__call_atexit.o)
                0x00000000045975ec                __call_exitprocs
 .text          0x000000000459776c       0x18 ../lab5_bsp/\libucosii_bsp.a(alt_exit.o)
                0x000000000459776c                _exit
 *(.gnu.warning.*)
 *(.fini)
                [!provide]                        PROVIDE (__etext, ABSOLUTE (.))
                [!provide]                        PROVIDE (_etext, ABSOLUTE (.))
                [!provide]                        PROVIDE (etext, ABSOLUTE (.))
 *(.eh_frame_hdr)
                0x0000000004597784                . = ALIGN (0x4)
                [!provide]                        PROVIDE (__preinit_array_start, ABSOLUTE (.))
 *(.preinit_array)
                [!provide]                        PROVIDE (__preinit_array_end, ABSOLUTE (.))
                [!provide]                        PROVIDE (__init_array_start, ABSOLUTE (.))
 *(.init_array)
                [!provide]                        PROVIDE (__init_array_end, ABSOLUTE (.))
                [!provide]                        PROVIDE (__fini_array_start, ABSOLUTE (.))
 *(.fini_array)
                [!provide]                        PROVIDE (__fini_array_end, ABSOLUTE (.))
 *(.eh_frame)
 *(.gcc_except_table .gcc_except_table.*)
 *(.dynamic)
                0x0000000004597784                PROVIDE (__CTOR_LIST__, ABSOLUTE (.))
 *(.ctors)
 *(SORT(.ctors.*))
                0x0000000004597784                PROVIDE (__CTOR_END__, ABSOLUTE (.))
                0x0000000004597784                PROVIDE (__DTOR_LIST__, ABSOLUTE (.))
 *(.dtors)
 *(SORT(.dtors.*))
                0x0000000004597784                PROVIDE (__DTOR_END__, ABSOLUTE (.))
 *(.jcr)
                0x0000000004597784                . = ALIGN (0x4)

.rodata         0x0000000004597784   0x1973cc
                0x0000000004597784                PROVIDE (__ram_rodata_start, ABSOLUTE (.))
                0x0000000004597784                . = ALIGN (0x4)
 *(.rodata .rodata.* .gnu.linkonce.r.*)
 .rodata        0x0000000004597784     0x77f2 obj/default/fonts/tahomabold_20.o
 .rodata        0x000000000459ef76    0x12520 obj/default/fonts/tahomabold_32.o
 *fill*         0x00000000045b1496        0x2 
 .rodata.str1.4
                0x00000000045b1498        0xe obj/default/graphic_lib/draw_gimps.o
 *fill*         0x00000000045b14a6        0x2 
 .rodata.str1.4
                0x00000000045b14a8       0x43 obj/default/hello_ucosii.o
 *fill*         0x00000000045b14eb        0x1 
 .rodata        0x00000000045b14ec     0x28cc obj/default/imagenes/back_down.o
                0x00000000045b14ec                back_down
 .rodata        0x00000000045b3db8     0x28cc obj/default/imagenes/back_up.o
                0x00000000045b3db8                back_up
 .rodata        0x00000000045b6684     0x28cc obj/default/imagenes/ford_down.o
                0x00000000045b6684                ford_down
 .rodata        0x00000000045b8f50     0x28cc obj/default/imagenes/ford_up.o
                0x00000000045b8f50                ford_up
 .rodata        0x00000000045bb81c     0x8dd0 obj/default/imagenes/pause_down.o
                0x00000000045bb81c                pause_down
 .rodata        0x00000000045c45ec     0x8dd0 obj/default/imagenes/pause_up.o
                0x00000000045c45ec                pause_up
 .rodata        0x00000000045cd3bc     0x7820 obj/default/imagenes/play_down.o
                0x00000000045cd3bc                play_down
 .rodata        0x00000000045d4bdc     0x7820 obj/default/imagenes/play_up.o
                0x00000000045d4bdc                play_up
 .rodata        0x00000000045dc3fc     0x7f88 obj/default/imagenes/stop_down.o
                0x00000000045dc3fc                stop_down
 .rodata        0x00000000045e4384     0x7f88 obj/default/imagenes/stop_up.o
                0x00000000045e4384                stop_up
 .rodata        0x00000000045ec30c   0x142440 obj/default/song/song.o
                0x00000000045ec30c                song
 .rodata.str1.4
                0x000000000472e74c       0x42 c:/intelfpga_lite/16.1/nios2eds/bin/gnu/h-x86_64-mingw32/bin/../lib/gcc/nios2-elf/5.3.0/../../../../../H-x86_64-mingw32/nios2-elf/lib\libc.a(lib_a-vfprintf.o)
 .rodata.zeroes.4404
                0x000000000472e78e       0x10 c:/intelfpga_lite/16.1/nios2eds/bin/gnu/h-x86_64-mingw32/bin/../lib/gcc/nios2-elf/5.3.0/../../../../../H-x86_64-mingw32/nios2-elf/lib\libc.a(lib_a-vfprintf.o)
 .rodata.blanks.4403
                0x000000000472e79e       0x10 c:/intelfpga_lite/16.1/nios2eds/bin/gnu/h-x86_64-mingw32/bin/../lib/gcc/nios2-elf/5.3.0/../../../../../H-x86_64-mingw32/nios2-elf/lib\libc.a(lib_a-vfprintf.o)
 *fill*         0x000000000472e7ae        0x2 
 .rodata.str1.4
                0x000000000472e7b0       0x10 c:/intelfpga_lite/16.1/nios2eds/bin/gnu/h-x86_64-mingw32/bin/../lib/gcc/nios2-elf/5.3.0/../../../../../H-x86_64-mingw32/nios2-elf/lib\libc.a(lib_a-dtoa.o)
                                         0x12 (size before relaxing)
 .rodata.str1.4
                0x000000000472e7c0        0x2 c:/intelfpga_lite/16.1/nios2eds/bin/gnu/h-x86_64-mingw32/bin/../lib/gcc/nios2-elf/5.3.0/../../../../../H-x86_64-mingw32/nios2-elf/lib\libc.a(lib_a-impure.o)
 *fill*         0x000000000472e7c2        0x2 
 .rodata.str1.4
                0x000000000472e7c4        0xa c:/intelfpga_lite/16.1/nios2eds/bin/gnu/h-x86_64-mingw32/bin/../lib/gcc/nios2-elf/5.3.0/../../../../../H-x86_64-mingw32/nios2-elf/lib\libc.a(lib_a-locale.o)
                                         0x12 (size before relaxing)
 *fill*         0x000000000472e7ce        0x2 
 .rodata.p05.2768
                0x000000000472e7d0        0xc c:/intelfpga_lite/16.1/nios2eds/bin/gnu/h-x86_64-mingw32/bin/../lib/gcc/nios2-elf/5.3.0/../../../../../H-x86_64-mingw32/nios2-elf/lib\libc.a(lib_a-mprec.o)
 .rodata.__mprec_tinytens
                0x000000000472e7dc       0x28 c:/intelfpga_lite/16.1/nios2eds/bin/gnu/h-x86_64-mingw32/bin/../lib/gcc/nios2-elf/5.3.0/../../../../../H-x86_64-mingw32/nios2-elf/lib\libc.a(lib_a-mprec.o)
                0x000000000472e7dc                __mprec_tinytens
 .rodata.__mprec_bigtens
                0x000000000472e804       0x28 c:/intelfpga_lite/16.1/nios2eds/bin/gnu/h-x86_64-mingw32/bin/../lib/gcc/nios2-elf/5.3.0/../../../../../H-x86_64-mingw32/nios2-elf/lib\libc.a(lib_a-mprec.o)
                0x000000000472e804                __mprec_bigtens
 .rodata.__mprec_tens
                0x000000000472e82c       0xc8 c:/intelfpga_lite/16.1/nios2eds/bin/gnu/h-x86_64-mingw32/bin/../lib/gcc/nios2-elf/5.3.0/../../../../../H-x86_64-mingw32/nios2-elf/lib\libc.a(lib_a-mprec.o)
                0x000000000472e82c                __mprec_tens
 .rodata.str1.4
                0x000000000472e8f4       0x2f c:/intelfpga_lite/16.1/nios2eds/bin/gnu/h-x86_64-mingw32/bin/../lib/gcc/nios2-elf/5.3.0/../../../../../H-x86_64-mingw32/nios2-elf/lib\libc.a(lib_a-vfiprintf.o)
 .rodata.zeroes.4349
                0x000000000472e8f4       0x10 c:/intelfpga_lite/16.1/nios2eds/bin/gnu/h-x86_64-mingw32/bin/../lib/gcc/nios2-elf/5.3.0/../../../../../H-x86_64-mingw32/nios2-elf/lib\libc.a(lib_a-vfiprintf.o)
 .rodata.blanks.4348
                0x000000000472e904       0x10 c:/intelfpga_lite/16.1/nios2eds/bin/gnu/h-x86_64-mingw32/bin/../lib/gcc/nios2-elf/5.3.0/../../../../../H-x86_64-mingw32/nios2-elf/lib\libc.a(lib_a-vfiprintf.o)
 .rodata        0x000000000472e914      0x100 c:/intelfpga_lite/16.1/nios2eds/bin/gnu/h-x86_64-mingw32/bin/../lib/gcc/nios2-elf/5.3.0\libgcc.a(_clz.o)
                0x000000000472e914                __clz_tab
 .rodata.str1.4
                0x000000000472ea14        0xa ../lab5_bsp/\libucosii_bsp.a(alt_dev.o)
 *fill*         0x000000000472ea1e        0x2 
 .rodata.str1.4
                0x000000000472ea20        0xf ../lab5_bsp/\libucosii_bsp.a(alt_main.o)
 *fill*         0x000000000472ea2f        0x1 
 .rodata.str1.4
                0x000000000472ea30       0x20 ../lab5_bsp/\libucosii_bsp.a(os_core.o)
                                         0x1e (size before relaxing)
 .rodata        0x000000000472ea50      0x100 ../lab5_bsp/\libucosii_bsp.a(os_core.o)
                0x000000000472ea50                OSUnMapTbl
 .rodata.str1.4
                0x000000000472eb50        0xf ../lab5_bsp/\libucosii_bsp.a(alt_sys_init.o)
 .rodata.str1.4
                0x000000000472eb50        0x2 ../lab5_bsp/\libucosii_bsp.a(os_cpu_c.o)
 *(.rodata1)
                0x000000000472eb60                . = ALIGN (0x4)
                0x000000000472eb60                PROVIDE (__ram_rodata_end, ABSOLUTE (.))
                0x0000000004597784                PROVIDE (__flash_rodata_start, LOADADDR (.rodata))

.rwdata         0x000000000472eb50     0x3734 load address 0x0000000004732284
                0x000000000472eb50                PROVIDE (__ram_rwdata_start, ABSOLUTE (.))
                0x000000000472eb50                . = ALIGN (0x4)
 *(.got.plt)
 *(.got)
 *(.data1)
 *(.data .data.* .gnu.linkonce.d.*)
 .data          0x000000000472eb50        0x0 ../lab5_bsp//obj/HAL/src/crt0.o
 .data          0x000000000472eb50        0x0 obj/default/drivers/drivers.o
 .data          0x000000000472eb50      0xbc0 obj/default/fonts/tahomabold_20.o
                0x000000000472eb50                tahomabold_20
 .data          0x000000000472f710      0xbc0 obj/default/fonts/tahomabold_32.o
                0x000000000472f710                tahomabold_32
 .data          0x00000000047302d0        0x0 obj/default/frame.o
 .data          0x00000000047302d0        0x0 obj/default/graphic_lib/draw_gimps.o
 .data          0x00000000047302d0        0x0 obj/default/graphic_lib/gimp_bmp.o
 .data          0x00000000047302d0      0x415 obj/default/graphic_lib/simple_graphics.o
                0x00000000047302d0                cour10_font_array
 .data          0x00000000047306e5        0x0 obj/default/graphic_lib/simple_text.o
 .data          0x00000000047306e5        0x0 obj/default/hello_ucosii.o
 .data          0x00000000047306e5        0x0 obj/default/imagenes/back_down.o
 .data          0x00000000047306e5        0x0 obj/default/imagenes/back_up.o
 .data          0x00000000047306e5        0x0 obj/default/imagenes/ford_down.o
 .data          0x00000000047306e5        0x0 obj/default/imagenes/ford_up.o
 .data          0x00000000047306e5        0x0 obj/default/imagenes/pause_down.o
 .data          0x00000000047306e5        0x0 obj/default/imagenes/pause_up.o
 .data          0x00000000047306e5        0x0 obj/default/imagenes/play_down.o
 .data          0x00000000047306e5        0x0 obj/default/imagenes/play_up.o
 .data          0x00000000047306e5        0x0 obj/default/imagenes/stop_down.o
 .data          0x00000000047306e5        0x0 obj/default/imagenes/stop_up.o
 .data          0x00000000047306e5        0x0 obj/default/song/song.o
 .data          0x00000000047306e5        0x0 obj/default/student_code/student_code.o
 .data          0x00000000047306e5        0x0 obj/default/vip_fr.o
 .data          0x00000000047306e5        0x0 c:/intelfpga_lite/16.1/nios2eds/bin/gnu/h-x86_64-mingw32/bin/../lib/gcc/nios2-elf/5.3.0\libgcc.a(lib2-divmod.o)
 .data          0x00000000047306e5        0x0 c:/intelfpga_lite/16.1/nios2eds/bin/gnu/h-x86_64-mingw32/bin/../lib/gcc/nios2-elf/5.3.0\libgcc.a(fixsfsi.o)
 .data          0x00000000047306e5        0x0 c:/intelfpga_lite/16.1/nios2eds/bin/gnu/h-x86_64-mingw32/bin/../lib/gcc/nios2-elf/5.3.0/../../../../../H-x86_64-mingw32/nios2-elf/lib\libc.a(lib_a-malloc.o)
 .data          0x00000000047306e5        0x0 c:/intelfpga_lite/16.1/nios2eds/bin/gnu/h-x86_64-mingw32/bin/../lib/gcc/nios2-elf/5.3.0/../../../../../H-x86_64-mingw32/nios2-elf/lib\libc.a(lib_a-mallocr.o)
 *fill*         0x00000000047306e5        0x3 
 .data.__malloc_av_
                0x00000000047306e8      0x408 c:/intelfpga_lite/16.1/nios2eds/bin/gnu/h-x86_64-mingw32/bin/../lib/gcc/nios2-elf/5.3.0/../../../../../H-x86_64-mingw32/nios2-elf/lib\libc.a(lib_a-mallocr.o)
                0x00000000047306e8                __malloc_av_
 .data          0x0000000004730af0        0x0 c:/intelfpga_lite/16.1/nios2eds/bin/gnu/h-x86_64-mingw32/bin/../lib/gcc/nios2-elf/5.3.0/../../../../../H-x86_64-mingw32/nios2-elf/lib\libc.a(lib_a-memcpy.o)
 .data          0x0000000004730af0        0x0 c:/intelfpga_lite/16.1/nios2eds/bin/gnu/h-x86_64-mingw32/bin/../lib/gcc/nios2-elf/5.3.0/../../../../../H-x86_64-mingw32/nios2-elf/lib\libc.a(lib_a-memset.o)
 .data          0x0000000004730af0        0x0 c:/intelfpga_lite/16.1/nios2eds/bin/gnu/h-x86_64-mingw32/bin/../lib/gcc/nios2-elf/5.3.0/../../../../../H-x86_64-mingw32/nios2-elf/lib\libc.a(lib_a-printf.o)
 .data          0x0000000004730af0        0x0 c:/intelfpga_lite/16.1/nios2eds/bin/gnu/h-x86_64-mingw32/bin/../lib/gcc/nios2-elf/5.3.0/../../../../../H-x86_64-mingw32/nios2-elf/lib\libc.a(lib_a-sbrkr.o)
 .data          0x0000000004730af0        0x0 c:/intelfpga_lite/16.1/nios2eds/bin/gnu/h-x86_64-mingw32/bin/../lib/gcc/nios2-elf/5.3.0/../../../../../H-x86_64-mingw32/nios2-elf/lib\libc.a(lib_a-strcpy.o)
 .data          0x0000000004730af0        0x0 c:/intelfpga_lite/16.1/nios2eds/bin/gnu/h-x86_64-mingw32/bin/../lib/gcc/nios2-elf/5.3.0/../../../../../H-x86_64-mingw32/nios2-elf/lib\libc.a(lib_a-strlen.o)
 .data          0x0000000004730af0        0x0 c:/intelfpga_lite/16.1/nios2eds/bin/gnu/h-x86_64-mingw32/bin/../lib/gcc/nios2-elf/5.3.0/../../../../../H-x86_64-mingw32/nios2-elf/lib\libc.a(lib_a-vfprintf.o)
 .data          0x0000000004730af0        0x0 c:/intelfpga_lite/16.1/nios2eds/bin/gnu/h-x86_64-mingw32/bin/../lib/gcc/nios2-elf/5.3.0/../../../../../H-x86_64-mingw32/nios2-elf/lib\libc.a(lib_a-wsetup.o)
 .data          0x0000000004730af0        0x0 c:/intelfpga_lite/16.1/nios2eds/bin/gnu/h-x86_64-mingw32/bin/../lib/gcc/nios2-elf/5.3.0/../../../../../H-x86_64-mingw32/nios2-elf/lib\libc.a(lib_a-dtoa.o)
 .data          0x0000000004730af0        0x0 c:/intelfpga_lite/16.1/nios2eds/bin/gnu/h-x86_64-mingw32/bin/../lib/gcc/nios2-elf/5.3.0/../../../../../H-x86_64-mingw32/nios2-elf/lib\libc.a(lib_a-fflush.o)
 .data          0x0000000004730af0        0x0 c:/intelfpga_lite/16.1/nios2eds/bin/gnu/h-x86_64-mingw32/bin/../lib/gcc/nios2-elf/5.3.0/../../../../../H-x86_64-mingw32/nios2-elf/lib\libc.a(lib_a-findfp.o)
 .data          0x0000000004730af0        0x0 c:/intelfpga_lite/16.1/nios2eds/bin/gnu/h-x86_64-mingw32/bin/../lib/gcc/nios2-elf/5.3.0/../../../../../H-x86_64-mingw32/nios2-elf/lib\libc.a(lib_a-freer.o)
 .data          0x0000000004730af0        0x0 c:/intelfpga_lite/16.1/nios2eds/bin/gnu/h-x86_64-mingw32/bin/../lib/gcc/nios2-elf/5.3.0/../../../../../H-x86_64-mingw32/nios2-elf/lib\libc.a(lib_a-fwalk.o)
 .data          0x0000000004730af0        0x0 c:/intelfpga_lite/16.1/nios2eds/bin/gnu/h-x86_64-mingw32/bin/../lib/gcc/nios2-elf/5.3.0/../../../../../H-x86_64-mingw32/nios2-elf/lib\libc.a(lib_a-impure.o)
 .data.impure_data
                0x0000000004730af0      0x424 c:/intelfpga_lite/16.1/nios2eds/bin/gnu/h-x86_64-mingw32/bin/../lib/gcc/nios2-elf/5.3.0/../../../../../H-x86_64-mingw32/nios2-elf/lib\libc.a(lib_a-impure.o)
 .data          0x0000000004730f14        0x0 c:/intelfpga_lite/16.1/nios2eds/bin/gnu/h-x86_64-mingw32/bin/../lib/gcc/nios2-elf/5.3.0/../../../../../H-x86_64-mingw32/nios2-elf/lib\libc.a(lib_a-int_errno.o)
 .data          0x0000000004730f14        0x0 c:/intelfpga_lite/16.1/nios2eds/bin/gnu/h-x86_64-mingw32/bin/../lib/gcc/nios2-elf/5.3.0/../../../../../H-x86_64-mingw32/nios2-elf/lib\libc.a(lib_a-locale.o)
 .data.lc_message_charset
                0x0000000004730f14       0x20 c:/intelfpga_lite/16.1/nios2eds/bin/gnu/h-x86_64-mingw32/bin/../lib/gcc/nios2-elf/5.3.0/../../../../../H-x86_64-mingw32/nios2-elf/lib\libc.a(lib_a-locale.o)
 .data.lc_ctype_charset
                0x0000000004730f34       0x20 c:/intelfpga_lite/16.1/nios2eds/bin/gnu/h-x86_64-mingw32/bin/../lib/gcc/nios2-elf/5.3.0/../../../../../H-x86_64-mingw32/nios2-elf/lib\libc.a(lib_a-locale.o)
 .data.lconv    0x0000000004730f54       0x38 c:/intelfpga_lite/16.1/nios2eds/bin/gnu/h-x86_64-mingw32/bin/../lib/gcc/nios2-elf/5.3.0/../../../../../H-x86_64-mingw32/nios2-elf/lib\libc.a(lib_a-locale.o)
 .data          0x0000000004730f8c        0x0 c:/intelfpga_lite/16.1/nios2eds/bin/gnu/h-x86_64-mingw32/bin/../lib/gcc/nios2-elf/5.3.0/../../../../../H-x86_64-mingw32/nios2-elf/lib\libc.a(lib_a-makebuf.o)
 .data          0x0000000004730f8c        0x0 c:/intelfpga_lite/16.1/nios2eds/bin/gnu/h-x86_64-mingw32/bin/../lib/gcc/nios2-elf/5.3.0/../../../../../H-x86_64-mingw32/nios2-elf/lib\libc.a(lib_a-memchr.o)
 .data          0x0000000004730f8c        0x0 c:/intelfpga_lite/16.1/nios2eds/bin/gnu/h-x86_64-mingw32/bin/../lib/gcc/nios2-elf/5.3.0/../../../../../H-x86_64-mingw32/nios2-elf/lib\libc.a(lib_a-mprec.o)
 .data          0x0000000004730f8c        0x0 c:/intelfpga_lite/16.1/nios2eds/bin/gnu/h-x86_64-mingw32/bin/../lib/gcc/nios2-elf/5.3.0/../../../../../H-x86_64-mingw32/nios2-elf/lib\libc.a(lib_a-s_fpclassify.o)
 .data          0x0000000004730f8c        0x0 c:/intelfpga_lite/16.1/nios2eds/bin/gnu/h-x86_64-mingw32/bin/../lib/gcc/nios2-elf/5.3.0/../../../../../H-x86_64-mingw32/nios2-elf/lib\libc.a(lib_a-stdio.o)
 .data          0x0000000004730f8c        0x0 c:/intelfpga_lite/16.1/nios2eds/bin/gnu/h-x86_64-mingw32/bin/../lib/gcc/nios2-elf/5.3.0/../../../../../H-x86_64-mingw32/nios2-elf/lib\libc.a(lib_a-strcmp.o)
 .data          0x0000000004730f8c        0x0 c:/intelfpga_lite/16.1/nios2eds/bin/gnu/h-x86_64-mingw32/bin/../lib/gcc/nios2-elf/5.3.0/../../../../../H-x86_64-mingw32/nios2-elf/lib\libc.a(lib_a-vfiprintf.o)
 .data          0x0000000004730f8c        0x0 c:/intelfpga_lite/16.1/nios2eds/bin/gnu/h-x86_64-mingw32/bin/../lib/gcc/nios2-elf/5.3.0/../../../../../H-x86_64-mingw32/nios2-elf/lib\libc.a(lib_a-writer.o)
 .data          0x0000000004730f8c        0x0 c:/intelfpga_lite/16.1/nios2eds/bin/gnu/h-x86_64-mingw32/bin/../lib/gcc/nios2-elf/5.3.0/../../../../../H-x86_64-mingw32/nios2-elf/lib\libc.a(closer.o)
 .data          0x0000000004730f8c        0x0 c:/intelfpga_lite/16.1/nios2eds/bin/gnu/h-x86_64-mingw32/bin/../lib/gcc/nios2-elf/5.3.0/../../../../../H-x86_64-mingw32/nios2-elf/lib\libc.a(lib_a-callocr.o)
 .data          0x0000000004730f8c        0x0 c:/intelfpga_lite/16.1/nios2eds/bin/gnu/h-x86_64-mingw32/bin/../lib/gcc/nios2-elf/5.3.0/../../../../../H-x86_64-mingw32/nios2-elf/lib\libc.a(lib_a-fclose.o)
 .data          0x0000000004730f8c        0x0 c:/intelfpga_lite/16.1/nios2eds/bin/gnu/h-x86_64-mingw32/bin/../lib/gcc/nios2-elf/5.3.0/../../../../../H-x86_64-mingw32/nios2-elf/lib\libc.a(lib_a-fputwc.o)
 .data          0x0000000004730f8c        0x0 c:/intelfpga_lite/16.1/nios2eds/bin/gnu/h-x86_64-mingw32/bin/../lib/gcc/nios2-elf/5.3.0/../../../../../H-x86_64-mingw32/nios2-elf/lib\libc.a(lib_a-fstatr.o)
 .data          0x0000000004730f8c        0x0 c:/intelfpga_lite/16.1/nios2eds/bin/gnu/h-x86_64-mingw32/bin/../lib/gcc/nios2-elf/5.3.0/../../../../../H-x86_64-mingw32/nios2-elf/lib\libc.a(lib_a-fvwrite.o)
 .data          0x0000000004730f8c        0x0 c:/intelfpga_lite/16.1/nios2eds/bin/gnu/h-x86_64-mingw32/bin/../lib/gcc/nios2-elf/5.3.0/../../../../../H-x86_64-mingw32/nios2-elf/lib\libc.a(lib_a-isattyr.o)
 .data          0x0000000004730f8c        0x0 c:/intelfpga_lite/16.1/nios2eds/bin/gnu/h-x86_64-mingw32/bin/../lib/gcc/nios2-elf/5.3.0/../../../../../H-x86_64-mingw32/nios2-elf/lib\libc.a(lib_a-lseekr.o)
 .data          0x0000000004730f8c        0x0 c:/intelfpga_lite/16.1/nios2eds/bin/gnu/h-x86_64-mingw32/bin/../lib/gcc/nios2-elf/5.3.0/../../../../../H-x86_64-mingw32/nios2-elf/lib\libc.a(lib_a-memmove.o)
 .data          0x0000000004730f8c        0x0 c:/intelfpga_lite/16.1/nios2eds/bin/gnu/h-x86_64-mingw32/bin/../lib/gcc/nios2-elf/5.3.0/../../../../../H-x86_64-mingw32/nios2-elf/lib\libc.a(lib_a-readr.o)
 .data          0x0000000004730f8c        0x0 c:/intelfpga_lite/16.1/nios2eds/bin/gnu/h-x86_64-mingw32/bin/../lib/gcc/nios2-elf/5.3.0/../../../../../H-x86_64-mingw32/nios2-elf/lib\libc.a(lib_a-reallocr.o)
 .data          0x0000000004730f8c        0x0 c:/intelfpga_lite/16.1/nios2eds/bin/gnu/h-x86_64-mingw32/bin/../lib/gcc/nios2-elf/5.3.0/../../../../../H-x86_64-mingw32/nios2-elf/lib\libc.a(lib_a-wbuf.o)
 .data          0x0000000004730f8c        0x0 c:/intelfpga_lite/16.1/nios2eds/bin/gnu/h-x86_64-mingw32/bin/../lib/gcc/nios2-elf/5.3.0/../../../../../H-x86_64-mingw32/nios2-elf/lib\libc.a(lib_a-wcrtomb.o)
 .data          0x0000000004730f8c        0x0 c:/intelfpga_lite/16.1/nios2eds/bin/gnu/h-x86_64-mingw32/bin/../lib/gcc/nios2-elf/5.3.0/../../../../../H-x86_64-mingw32/nios2-elf/lib\libc.a(lib_a-wctomb_r.o)
 .data          0x0000000004730f8c        0x0 c:/intelfpga_lite/16.1/nios2eds/bin/gnu/h-x86_64-mingw32/bin/../lib/gcc/nios2-elf/5.3.0\libgcc.a(_udivdi3.o)
 .data          0x0000000004730f8c        0x0 c:/intelfpga_lite/16.1/nios2eds/bin/gnu/h-x86_64-mingw32/bin/../lib/gcc/nios2-elf/5.3.0\libgcc.a(_umoddi3.o)
 .data          0x0000000004730f8c        0x0 c:/intelfpga_lite/16.1/nios2eds/bin/gnu/h-x86_64-mingw32/bin/../lib/gcc/nios2-elf/5.3.0\libgcc.a(adddf3.o)
 .data          0x0000000004730f8c        0x0 c:/intelfpga_lite/16.1/nios2eds/bin/gnu/h-x86_64-mingw32/bin/../lib/gcc/nios2-elf/5.3.0\libgcc.a(divdf3.o)
 .data          0x0000000004730f8c        0x0 c:/intelfpga_lite/16.1/nios2eds/bin/gnu/h-x86_64-mingw32/bin/../lib/gcc/nios2-elf/5.3.0\libgcc.a(eqdf2.o)
 .data          0x0000000004730f8c        0x0 c:/intelfpga_lite/16.1/nios2eds/bin/gnu/h-x86_64-mingw32/bin/../lib/gcc/nios2-elf/5.3.0\libgcc.a(gedf2.o)
 .data          0x0000000004730f8c        0x0 c:/intelfpga_lite/16.1/nios2eds/bin/gnu/h-x86_64-mingw32/bin/../lib/gcc/nios2-elf/5.3.0\libgcc.a(ledf2.o)
 .data          0x0000000004730f8c        0x0 c:/intelfpga_lite/16.1/nios2eds/bin/gnu/h-x86_64-mingw32/bin/../lib/gcc/nios2-elf/5.3.0\libgcc.a(muldf3.o)
 .data          0x0000000004730f8c        0x0 c:/intelfpga_lite/16.1/nios2eds/bin/gnu/h-x86_64-mingw32/bin/../lib/gcc/nios2-elf/5.3.0\libgcc.a(subdf3.o)
 .data          0x0000000004730f8c        0x0 c:/intelfpga_lite/16.1/nios2eds/bin/gnu/h-x86_64-mingw32/bin/../lib/gcc/nios2-elf/5.3.0\libgcc.a(fixdfsi.o)
 .data          0x0000000004730f8c        0x0 c:/intelfpga_lite/16.1/nios2eds/bin/gnu/h-x86_64-mingw32/bin/../lib/gcc/nios2-elf/5.3.0\libgcc.a(floatsidf.o)
 .data          0x0000000004730f8c        0x0 c:/intelfpga_lite/16.1/nios2eds/bin/gnu/h-x86_64-mingw32/bin/../lib/gcc/nios2-elf/5.3.0\libgcc.a(floatunsidf.o)
 .data          0x0000000004730f8c        0x0 c:/intelfpga_lite/16.1/nios2eds/bin/gnu/h-x86_64-mingw32/bin/../lib/gcc/nios2-elf/5.3.0\libgcc.a(_clz.o)
 .data          0x0000000004730f8c        0x0 c:/intelfpga_lite/16.1/nios2eds/bin/gnu/h-x86_64-mingw32/bin/../lib/gcc/nios2-elf/5.3.0\libgcc.a(_clzsi2.o)
 .data          0x0000000004730f8c        0x0 ../lab5_bsp/\libucosii_bsp.a(alt_close.o)
 .data          0x0000000004730f8c        0x0 ../lab5_bsp/\libucosii_bsp.a(alt_dcache_flush_all.o)
 .data          0x0000000004730f8c      0x1a8 ../lab5_bsp/\libucosii_bsp.a(alt_dev.o)
                0x0000000004730f8c                alt_fd_list
                0x000000000473110c                alt_dev_null
 .data          0x0000000004731134        0x0 ../lab5_bsp/\libucosii_bsp.a(alt_errno.o)
 .data          0x0000000004731134        0x0 ../lab5_bsp/\libucosii_bsp.a(alt_fstat.o)
 .data          0x0000000004731134        0x0 ../lab5_bsp/\libucosii_bsp.a(alt_iic.o)
 .data          0x0000000004731134        0x0 ../lab5_bsp/\libucosii_bsp.a(alt_iic_isr_register.o)
 .data          0x0000000004731134        0x0 ../lab5_bsp/\libucosii_bsp.a(alt_irq_entry.o)
 .data          0x0000000004731134        0x0 ../lab5_bsp/\libucosii_bsp.a(alt_irq_handler.o)
 .data          0x0000000004731134        0x0 ../lab5_bsp/\libucosii_bsp.a(alt_irq_vars.o)
 .data          0x0000000004731134        0x0 ../lab5_bsp/\libucosii_bsp.a(alt_isatty.o)
 .data          0x0000000004731134        0x0 ../lab5_bsp/\libucosii_bsp.a(alt_load.o)
 .data          0x0000000004731134        0x0 ../lab5_bsp/\libucosii_bsp.a(alt_lseek.o)
 .data          0x0000000004731134        0x0 ../lab5_bsp/\libucosii_bsp.a(alt_main.o)
 .data          0x0000000004731134        0x0 ../lab5_bsp/\libucosii_bsp.a(alt_read.o)
 .data          0x0000000004731134        0x0 ../lab5_bsp/\libucosii_bsp.a(alt_release_fd.o)
 .data          0x0000000004731134        0x0 ../lab5_bsp/\libucosii_bsp.a(alt_sbrk.o)
 .data          0x0000000004731134        0x0 ../lab5_bsp/\libucosii_bsp.a(alt_tick.o)
 .data          0x0000000004731134        0x0 ../lab5_bsp/\libucosii_bsp.a(alt_write.o)
 .data          0x0000000004731134        0x0 ../lab5_bsp/\libucosii_bsp.a(alt_env_lock.o)
 .data          0x0000000004731134        0x0 ../lab5_bsp/\libucosii_bsp.a(alt_malloc_lock.o)
 .data          0x0000000004731134        0x0 ../lab5_bsp/\libucosii_bsp.a(os_core.o)
 .data          0x0000000004731134        0x0 ../lab5_bsp/\libucosii_bsp.a(os_dbg.o)
 .data          0x0000000004731134        0x0 ../lab5_bsp/\libucosii_bsp.a(os_flag.o)
 .data          0x0000000004731134        0x0 ../lab5_bsp/\libucosii_bsp.a(os_mem.o)
 .data          0x0000000004731134        0x0 ../lab5_bsp/\libucosii_bsp.a(os_q.o)
 .data          0x0000000004731134        0x0 ../lab5_bsp/\libucosii_bsp.a(os_sem.o)
 .data          0x0000000004731134        0x0 ../lab5_bsp/\libucosii_bsp.a(os_task.o)
 .data          0x0000000004731134        0x0 ../lab5_bsp/\libucosii_bsp.a(os_time.o)
 .data          0x0000000004731134     0x106c ../lab5_bsp/\libucosii_bsp.a(alt_sys_init.o)
 .data          0x00000000047321a0        0x0 ../lab5_bsp/\libucosii_bsp.a(altera_avalon_jtag_uart_fd.o)
 .data          0x00000000047321a0        0x0 ../lab5_bsp/\libucosii_bsp.a(altera_avalon_jtag_uart_init.o)
 .data          0x00000000047321a0        0x0 ../lab5_bsp/\libucosii_bsp.a(altera_avalon_jtag_uart_ioctl.o)